Archive member included to satisfy reference by file (symbol)

c:/renesas/ra/e2studio_v2021-10_fsp_v3.5.0/toolchains/gcc_arm/gcc-arm-none-eabi-10.3-2021.10/bin/../lib/gcc/arm-none-eabi/10.3.1/../../../../arm-none-eabi/lib/thumb/v7e-m+fp/hard\libg_nano.a(lib_a-errno.o)
                              ./ra/fsp/src/bsp/mcu/all/bsp_sbrk.o (__errno)
c:/renesas/ra/e2studio_v2021-10_fsp_v3.5.0/toolchains/gcc_arm/gcc-arm-none-eabi-10.3-2021.10/bin/../lib/gcc/arm-none-eabi/10.3.1/../../../../arm-none-eabi/lib/thumb/v7e-m+fp/hard\libg_nano.a(lib_a-exit.o)
                              c:/renesas/ra/e2studio_v2021-10_fsp_v3.5.0/toolchains/gcc_arm/gcc-arm-none-eabi-10.3-2021.10/bin/../lib/gcc/arm-none-eabi/10.3.1/../../../../arm-none-eabi/lib/thumb/v7e-m+fp/hard/rdimon-crt0.o (exit)
c:/renesas/ra/e2studio_v2021-10_fsp_v3.5.0/toolchains/gcc_arm/gcc-arm-none-eabi-10.3-2021.10/bin/../lib/gcc/arm-none-eabi/10.3.1/../../../../arm-none-eabi/lib/thumb/v7e-m+fp/hard\libg_nano.a(lib_a-impure.o)
                              c:/renesas/ra/e2studio_v2021-10_fsp_v3.5.0/toolchains/gcc_arm/gcc-arm-none-eabi-10.3-2021.10/bin/../lib/gcc/arm-none-eabi/10.3.1/../../../../arm-none-eabi/lib/thumb/v7e-m+fp/hard\libg_nano.a(lib_a-exit.o) (_global_impure_ptr)
c:/renesas/ra/e2studio_v2021-10_fsp_v3.5.0/toolchains/gcc_arm/gcc-arm-none-eabi-10.3-2021.10/bin/../lib/gcc/arm-none-eabi/10.3.1/../../../../arm-none-eabi/lib/thumb/v7e-m+fp/hard\libg_nano.a(lib_a-init.o)
                              c:/renesas/ra/e2studio_v2021-10_fsp_v3.5.0/toolchains/gcc_arm/gcc-arm-none-eabi-10.3-2021.10/bin/../lib/gcc/arm-none-eabi/10.3.1/../../../../arm-none-eabi/lib/thumb/v7e-m+fp/hard/rdimon-crt0.o (__libc_init_array)
c:/renesas/ra/e2studio_v2021-10_fsp_v3.5.0/toolchains/gcc_arm/gcc-arm-none-eabi-10.3-2021.10/bin/../lib/gcc/arm-none-eabi/10.3.1/../../../../arm-none-eabi/lib/thumb/v7e-m+fp/hard\libg_nano.a(lib_a-memcpy-stub.o)
                              ./src/SEGGER_RTT/SEGGER_RTT.o (memcpy)
c:/renesas/ra/e2studio_v2021-10_fsp_v3.5.0/toolchains/gcc_arm/gcc-arm-none-eabi-10.3-2021.10/bin/../lib/gcc/arm-none-eabi/10.3.1/../../../../arm-none-eabi/lib/thumb/v7e-m+fp/hard\libg_nano.a(lib_a-memset.o)
                              c:/renesas/ra/e2studio_v2021-10_fsp_v3.5.0/toolchains/gcc_arm/gcc-arm-none-eabi-10.3-2021.10/bin/../lib/gcc/arm-none-eabi/10.3.1/../../../../arm-none-eabi/lib/thumb/v7e-m+fp/hard/rdimon-crt0.o (memset)
c:/renesas/ra/e2studio_v2021-10_fsp_v3.5.0/toolchains/gcc_arm/gcc-arm-none-eabi-10.3-2021.10/bin/../lib/gcc/arm-none-eabi/10.3.1/../../../../arm-none-eabi/lib/thumb/v7e-m+fp/hard\libg_nano.a(lib_a-nano-vfprintf_float.o)
                              (_printf_float)
c:/renesas/ra/e2studio_v2021-10_fsp_v3.5.0/toolchains/gcc_arm/gcc-arm-none-eabi-10.3-2021.10/bin/../lib/gcc/arm-none-eabi/10.3.1/../../../../arm-none-eabi/lib/thumb/v7e-m+fp/hard\libg_nano.a(lib_a-nano-vfprintf_i.o)
                              c:/renesas/ra/e2studio_v2021-10_fsp_v3.5.0/toolchains/gcc_arm/gcc-arm-none-eabi-10.3-2021.10/bin/../lib/gcc/arm-none-eabi/10.3.1/../../../../arm-none-eabi/lib/thumb/v7e-m+fp/hard\libg_nano.a(lib_a-nano-vfprintf_float.o) (_printf_common)
c:/renesas/ra/e2studio_v2021-10_fsp_v3.5.0/toolchains/gcc_arm/gcc-arm-none-eabi-10.3-2021.10/bin/../lib/gcc/arm-none-eabi/10.3.1/../../../../arm-none-eabi/lib/thumb/v7e-m+fp/hard\libg_nano.a(lib_a-strlen.o)
                              ./src/SEGGER_RTT/SEGGER_RTT.o (strlen)
c:/renesas/ra/e2studio_v2021-10_fsp_v3.5.0/toolchains/gcc_arm/gcc-arm-none-eabi-10.3-2021.10/bin/../lib/gcc/arm-none-eabi/10.3.1/../../../../arm-none-eabi/lib/thumb/v7e-m+fp/hard\libg_nano.a(lib_a-dtoa.o)
                              c:/renesas/ra/e2studio_v2021-10_fsp_v3.5.0/toolchains/gcc_arm/gcc-arm-none-eabi-10.3-2021.10/bin/../lib/gcc/arm-none-eabi/10.3.1/../../../../arm-none-eabi/lib/thumb/v7e-m+fp/hard\libg_nano.a(lib_a-nano-vfprintf_float.o) (_dtoa_r)
c:/renesas/ra/e2studio_v2021-10_fsp_v3.5.0/toolchains/gcc_arm/gcc-arm-none-eabi-10.3-2021.10/bin/../lib/gcc/arm-none-eabi/10.3.1/../../../../arm-none-eabi/lib/thumb/v7e-m+fp/hard\libg_nano.a(lib_a-localeconv.o)
                              c:/renesas/ra/e2studio_v2021-10_fsp_v3.5.0/toolchains/gcc_arm/gcc-arm-none-eabi-10.3-2021.10/bin/../lib/gcc/arm-none-eabi/10.3.1/../../../../arm-none-eabi/lib/thumb/v7e-m+fp/hard\libg_nano.a(lib_a-nano-vfprintf_float.o) (_localeconv_r)
c:/renesas/ra/e2studio_v2021-10_fsp_v3.5.0/toolchains/gcc_arm/gcc-arm-none-eabi-10.3-2021.10/bin/../lib/gcc/arm-none-eabi/10.3.1/../../../../arm-none-eabi/lib/thumb/v7e-m+fp/hard\libg_nano.a(lib_a-malloc.o)
                              c:/renesas/ra/e2studio_v2021-10_fsp_v3.5.0/toolchains/gcc_arm/gcc-arm-none-eabi-10.3-2021.10/bin/../lib/gcc/arm-none-eabi/10.3.1/../../../../arm-none-eabi/lib/thumb/v7e-m+fp/hard\libg_nano.a(lib_a-dtoa.o) (malloc)
[...]
Memory Configuration

Name             Origin             Length             Attributes
ITCM             0x00000000         0x00000000         xr
DTCM             0x00000000         0x00000000         xrw
FLASH            0x00000000         0x00200000         xr
RAM              0x1ffe0000         0x000a0000         xrw
DATA_FLASH       0x40100000         0x00010000         xr
QSPI_FLASH       0x60000000         0x04000000         xr
OSPI_DEVICE_0    0x68000000         0x00000000         xr
OSPI_DEVICE_1    0x70000000         0x00000000         xr
OSPI_DEVICE_0_RAM 0x68000000         0x00000000         xrw
OSPI_DEVICE_1_RAM 0x70000000         0x00000000         xrw
SDRAM            0x90000000         0x08000000         xrw
OPTION_SETTING   0x00000000         0x00000000         r
OPTION_SETTING_OFS 0x00000000         0x00000018         r
OPTION_SETTING_SAS 0x00000034         0xffffffcc         r
OPTION_SETTING_S 0x00000000         0x00000000         r
ID_CODE          0x0100a150         0x00000010         xr
*default*        0x00000000         0xffffffff

Linker script and memory map

LOAD c:/renesas/ra/e2studio_v2021-10_fsp_v3.5.0/toolchains/gcc_arm/gcc-arm-none-eabi-10.3-2021.10/bin/../lib/gcc/arm-none-eabi/10.3.1/thumb/v7e-m+fp/hard/crti.o
LOAD c:/renesas/ra/e2studio_v2021-10_fsp_v3.5.0/toolchains/gcc_arm/gcc-arm-none-eabi-10.3-2021.10/bin/../lib/gcc/arm-none-eabi/10.3.1/thumb/v7e-m+fp/hard/crtbegin.o
LOAD c:/renesas/ra/e2studio_v2021-10_fsp_v3.5.0/toolchains/gcc_arm/gcc-arm-none-eabi-10.3-2021.10/bin/../lib/gcc/arm-none-eabi/10.3.1/../../../../arm-none-eabi/lib/thumb/v7e-m+fp/hard/rdimon-crt0.o
START GROUP
LOAD ./src/SEGGER_RTT/SEGGER_RTT.o
LOAD ./src/SEGGER_RTT/SEGGER_RTT_printf.o
LOAD ./src/hal_entry.o
LOAD ./ra_gen/common_data.o
LOAD ./ra_gen/hal_data.o
LOAD ./ra_gen/main.o
LOAD ./ra_gen/pin_data.o
LOAD ./ra_gen/vector_data.o
LOAD ./ra/fsp/src/r_ioport/r_ioport.o
LOAD ./ra/fsp/src/r_iic_master/r_iic_master.o
LOAD ./ra/fsp/src/bsp/mcu/all/bsp_clocks.o
LOAD ./ra/fsp/src/bsp/mcu/all/bsp_common.o
LOAD ./ra/fsp/src/bsp/mcu/all/bsp_delay.o
LOAD ./ra/fsp/src/bsp/mcu/all/bsp_group_irq.o
LOAD ./ra/fsp/src/bsp/mcu/all/bsp_guard.o
LOAD ./ra/fsp/src/bsp/mcu/all/bsp_io.o
LOAD ./ra/fsp/src/bsp/mcu/all/bsp_irq.o
LOAD ./ra/fsp/src/bsp/mcu/all/bsp_register_protection.o
LOAD ./ra/fsp/src/bsp/mcu/all/bsp_rom_registers.o
LOAD ./ra/fsp/src/bsp/mcu/all/bsp_sbrk.o
LOAD ./ra/fsp/src/bsp/mcu/all/bsp_security.o
LOAD ./ra/fsp/src/bsp/cmsis/Device/RENESAS/Source/startup.o
LOAD ./ra/fsp/src/bsp/cmsis/Device/RENESAS/Source/system.o
LOAD ./ra/board/ra6m3_ek/board_init.o
LOAD ./ra/board/ra6m3_ek/board_leds.o
END GROUP
START GROUP
LOAD c:/renesas/ra/e2studio_v2021-10_fsp_v3.5.0/toolchains/gcc_arm/gcc-arm-none-eabi-10.3-2021.10/bin/../lib/gcc/arm-none-eabi/10.3.1/thumb/v7e-m+fp/hard\libgcc.a
LOAD c:/renesas/ra/e2studio_v2021-10_fsp_v3.5.0/toolchains/gcc_arm/gcc-arm-none-eabi-10.3-2021.10/bin/../lib/gcc/arm-none-eabi/10.3.1/../../../../arm-none-eabi/lib/thumb/v7e-m+fp/hard\libg_nano.a
LOAD c:/renesas/ra/e2studio_v2021-10_fsp_v3.5.0/toolchains/gcc_arm/gcc-arm-none-eabi-10.3-2021.10/bin/../lib/gcc/arm-none-eabi/10.3.1/../../../../arm-none-eabi/lib/thumb/v7e-m+fp/hard\libc_nano.a
END GROUP
START GROUP
LOAD c:/renesas/ra/e2studio_v2021-10_fsp_v3.5.0/toolchains/gcc_arm/gcc-arm-none-eabi-10.3-2021.10/bin/../lib/gcc/arm-none-eabi/10.3.1/thumb/v7e-m+fp/hard\libgcc.a
LOAD c:/renesas/ra/e2studio_v2021-10_fsp_v3.5.0/toolchains/gcc_arm/gcc-arm-none-eabi-10.3-2021.10/bin/../lib/gcc/arm-none-eabi/10.3.1/../../../../arm-none-eabi/lib/thumb/v7e-m+fp/hard\libc_nano.a
LOAD c:/renesas/ra/e2studio_v2021-10_fsp_v3.5.0/toolchains/gcc_arm/gcc-arm-none-eabi-10.3-2021.10/bin/../lib/gcc/arm-none-eabi/10.3.1/../../../../arm-none-eabi/lib/thumb/v7e-m+fp/hard\librdimon_nano.a
END GROUP
START GROUP
LOAD c:/renesas/ra/e2studio_v2021-10_fsp_v3.5.0/toolchains/gcc_arm/gcc-arm-none-eabi-10.3-2021.10/bin/../lib/gcc/arm-none-eabi/10.3.1/thumb/v7e-m+fp/hard\libgcc.a
LOAD c:/renesas/ra/e2studio_v2021-10_fsp_v3.5.0/toolchains/gcc_arm/gcc-arm-none-eabi-10.3-2021.10/bin/../lib/gcc/arm-none-eabi/10.3.1/../../../../arm-none-eabi/lib/thumb/v7e-m+fp/hard\libc_nano.a
LOAD c:/renesas/ra/e2studio_v2021-10_fsp_v3.5.0/toolchains/gcc_arm/gcc-arm-none-eabi-10.3-2021.10/bin/../lib/gcc/arm-none-eabi/10.3.1/../../../../arm-none-eabi/lib/thumb/v7e-m+fp/hard\librdimon_nano.a
END GROUP
LOAD c:/renesas/ra/e2studio_v2021-10_fsp_v3.5.0/toolchains/gcc_arm/gcc-arm-none-eabi-10.3-2021.10/bin/../lib/gcc/arm-none-eabi/10.3.1/thumb/v7e-m+fp/hard/crtend.o
LOAD c:/renesas/ra/e2studio_v2021-10_fsp_v3.5.0/toolchains/gcc_arm/gcc-arm-none-eabi-10.3-2021.10/bin/../lib/gcc/arm-none-eabi/10.3.1/thumb/v7e-m+fp/hard/crtn.o
                0x1ffe0000                RAM_START = 0x1ffe0000
                0x000a0000                RAM_LENGTH = 0xa0000
                0x00000000                FLASH_START = 0x0
                0x00200000                FLASH_LENGTH = 0x200000
                0x40100000                DATA_FLASH_START = 0x40100000
                0x00010000                DATA_FLASH_LENGTH = 0x10000
                0x00000000                OPTION_SETTING_START = 0x0
                0x00000000                OPTION_SETTING_LENGTH = 0x0
                0x00000000                OPTION_SETTING_S_START = 0x0
                0x00000000                OPTION_SETTING_S_LENGTH = 0x0
                0x0100a150                ID_CODE_START = 0x100a150
                0x00000010                ID_CODE_LENGTH = 0x10
                0x90000000                SDRAM_START = 0x90000000
                0x08000000                SDRAM_LENGTH = 0x8000000
                0x60000000                QSPI_FLASH_START = 0x60000000
                0x04000000                QSPI_FLASH_LENGTH = 0x4000000
                0x68000000                OSPI_DEVICE_0_START = 0x68000000
                0x00000000                OSPI_DEVICE_0_LENGTH = 0x0
                0x70000000                OSPI_DEVICE_1_START = 0x70000000
                0x00000000                OSPI_DEVICE_1_LENGTH = 0x0
                0x04000000                QSPI_FLASH_PRV_LENGTH = DEFINED (QSPI_FLASH_SIZE)?ABSOLUTE (QSPI_FLASH_SIZE):ABSOLUTE (QSPI_FLASH_LENGTH)
                0x00000000                OSPI_DEVICE_0_PRV_LENGTH = DEFINED (OSPI_DEVICE_0_SIZE)?ABSOLUTE (OSPI_DEVICE_0_SIZE):ABSOLUTE (OSPI_DEVICE_0_LENGTH)
                0x00000000                OSPI_DEVICE_1_PRV_LENGTH = DEFINED (OSPI_DEVICE_1_SIZE)?ABSOLUTE (OSPI_DEVICE_1_SIZE):ABSOLUTE (OSPI_DEVICE_1_LENGTH)
                0x00000000                __RESERVE_NS_RAM = ((! (DEFINED (PROJECT_NONSECURE)) && DEFINED (RAM_NS_BUFFER_LENGTH)) && (OPTION_SETTING_S_LENGTH != 0x0))
                0x00000000                ITCM_START = DEFINED (ITCM_START)?ITCM_START:0x0
                0x00000000                ITCM_LENGTH = DEFINED (ITCM_LENGTH)?ITCM_LENGTH:0x0
                0x00000000                DTCM_START = DEFINED (DTCM_START)?DTCM_START:0x0
                0x00000000                DTCM_LENGTH = DEFINED (DTCM_LENGTH)?DTCM_LENGTH:0x0
                0x00000000                NS_OFFSET_START = DEFINED (NS_OFFSET_START)?NS_OFFSET_START:0x0
                0x00000000                NS_IMAGE_OFFSET = DEFINED (PROJECT_NONSECURE)?NS_OFFSET_START:0x0
                0x00000000                RAM_NS_BUFFER_BLOCK_LENGTH = DEFINED (RAM_NS_BUFFER_LENGTH)?ALIGN (RAM_NS_BUFFER_LENGTH, 0x2000):0x0
                0x00000000                RAM_NS_BUFFER_LENGTH = DEFINED (RAM_NS_BUFFER_LENGTH)?RAM_NS_BUFFER_LENGTH:0x0
                0x20080000                RAM_NS_BUFFER_START = ((RAM_START + RAM_LENGTH) - RAM_NS_BUFFER_LENGTH)
                0x20080000                RAM_NS_BUFFER_BLOCK_START = ((RAM_START + RAM_LENGTH) - RAM_NS_BUFFER_BLOCK_LENGTH)
                0x00000080                OPTION_SETTING_START_NS = DEFINED (PROJECT_NONSECURE)?OPTION_SETTING_START:(OPTION_SETTING_START + 0x80)
                0x00000001                __bl_FSP_BOOTABLE_IMAGE = 0x1
                0x00000001                __bln_FSP_BOOTABLE_IMAGE = 0x1
                0x00000000                PROJECT_SECURE_OR_FLAT = (((! (DEFINED (PROJECT_NONSECURE)) || DEFINED (PROJECT_SECURE)) && OPTION_SETTING_LENGTH) && ! (DEFINED (FSP_BOOTABLE_IMAGE)))
                0x00000000                USE_OPTION_SETTING_NS = (DEFINED (PROJECT_NONSECURE) && ! (DEFINED (FSP_BOOTABLE_IMAGE)))
                0x00000000                __bl_FLASH_IMAGE_START = ! (DEFINED (FLASH_BOOTLOADER_LENGTH))?0x0:(FLASH_APPLICATION_IMAGE_NUMBER == 0x1)?(FLASH_BOOTLOADER_LENGTH + FLASH_BOOTLOADER_HEADER_LENGTH):(((FLASH_BOOTLOADER_LENGTH + FLASH_BOOTLOADER_SCRATCH_LENGTH) + FLASH_APPLICATION_S_LENGTH) + FLASH_BOOTLOADER_HEADER_LENGTH)
                0x00000000                __bl_FLASH_IMAGE_LENGTH = ! (DEFINED (FLASH_BOOTLOADER_LENGTH))?0x0:(FLASH_APPLICATION_S_LENGTH - FLASH_BOOTLOADER_HEADER_LENGTH)
                0x00000000                __bl_FLASH_IMAGE_END = (__bl_FLASH_IMAGE_START + __bl_FLASH_IMAGE_LENGTH)
                0x00000000                __bl_XIP_SECONDARY_FLASH_IMAGE_START = ! (DEFINED (FLASH_BOOTLOADER_LENGTH))?0x0:((FLASH_BOOTLOADER_LENGTH + FLASH_APPLICATION_S_LENGTH) + FLASH_BOOTLOADER_HEADER_LENGTH)
                0x00000000                __bl_XIP_SECONDARY_FLASH_IMAGE_END = (__bl_XIP_SECONDARY_FLASH_IMAGE_START + __bl_FLASH_IMAGE_LENGTH)
                0x00000000                __bl_FLASH_NS_START = ! (DEFINED (FLASH_BOOTLOADER_LENGTH))?0x0:(FLASH_APPLICATION_NS_LENGTH == 0x0)?__bl_FLASH_IMAGE_END:((__bl_FLASH_IMAGE_START - FLASH_BOOTLOADER_HEADER_LENGTH) + FLASH_APPLICATION_S_LENGTH)
                0x00000000                __bl_FLASH_NSC_START = ! (DEFINED (FLASH_BOOTLOADER_LENGTH))?0x0:(FLASH_APPLICATION_NS_LENGTH == 0x0)?__bl_FLASH_IMAGE_END:(__bl_FLASH_NS_START - FLASH_APPLICATION_NSC_LENGTH)
                0x00000000                __bl_RAM_NS_START = ! (DEFINED (FLASH_BOOTLOADER_LENGTH))?0x0:(FLASH_APPLICATION_NS_LENGTH == 0x0)?(RAM_START + RAM_LENGTH):((RAM_START + RAM_LENGTH) - RAM_APPLICATION_NS_LENGTH)
                0x00000000                __bl_RAM_NSC_START = ! (DEFINED (FLASH_BOOTLOADER_LENGTH))?0x0:(FLASH_APPLICATION_NS_LENGTH == 0x0)?(RAM_START + RAM_LENGTH):(__bl_RAM_NS_START - RAM_APPLICATION_NSC_LENGTH)
                0x00000000                __bl_FLASH_NS_IMAGE_START = ! (DEFINED (FLASH_BOOTLOADER_LENGTH))?0x0:(FLASH_APPLICATION_NS_LENGTH == 0x0)?__bl_FLASH_IMAGE_END:(__bl_FLASH_NS_START + FLASH_BOOTLOADER_HEADER_LENGTH_2)
                0x00000000                __bln_FLASH_IMAGE_START = __bl_FLASH_NS_IMAGE_START
                0x00000000                __bln_FLASH_IMAGE_LENGTH = ! (DEFINED (FLASH_BOOTLOADER_LENGTH))?0x0:(FLASH_APPLICATION_NS_LENGTH == 0x0)?__bl_FLASH_IMAGE_END:(FLASH_APPLICATION_NS_LENGTH - FLASH_BOOTLOADER_HEADER_LENGTH_2)
                0x00000000                XIP_SECONDARY_SLOT_IMAGE = DEFINED (XIP_SECONDARY_SLOT_IMAGE)?XIP_SECONDARY_SLOT_IMAGE:0x0
                0x00000000                FLASH_ORIGIN = ! (DEFINED (FLASH_IMAGE_START))?FLASH_START:(XIP_SECONDARY_SLOT_IMAGE == 0x1)?XIP_SECONDARY_FLASH_IMAGE_START:FLASH_IMAGE_START
                0x00200000                LIMITED_FLASH_LENGTH = DEFINED (FLASH_IMAGE_LENGTH)?FLASH_IMAGE_LENGTH:DEFINED (FLASH_BOOTLOADER_LENGTH)?FLASH_BOOTLOADER_LENGTH:FLASH_LENGTH
START GROUP
LOAD c:/renesas/ra/e2studio_v2021-10_fsp_v3.5.0/toolchains/gcc_arm/gcc-arm-none-eabi-10.3-2021.10/bin/../lib/gcc/arm-none-eabi/10.3.1/thumb/v7e-m+fp/hard\libgcc.a
LOAD c:/renesas/ra/e2studio_v2021-10_fsp_v3.5.0/toolchains/gcc_arm/gcc-arm-none-eabi-10.3-2021.10/bin/../lib/gcc/arm-none-eabi/10.3.1/../../../../arm-none-eabi/lib/thumb/v7e-m+fp/hard\libc.a
LOAD c:/renesas/ra/e2studio_v2021-10_fsp_v3.5.0/toolchains/gcc_arm/gcc-arm-none-eabi-10.3-2021.10/bin/../lib/gcc/arm-none-eabi/10.3.1/../../../../arm-none-eabi/lib/thumb/v7e-m+fp/hard\libm.a
LOAD c:/renesas/ra/e2studio_v2021-10_fsp_v3.5.0/toolchains/gcc_arm/gcc-arm-none-eabi-10.3-2021.10/bin/../lib/gcc/arm-none-eabi/10.3.1/../../../../arm-none-eabi/lib/thumb/v7e-m+fp/hard\libnosys.a
END GROUP

.text           0x00000000     0x46cc
                0x00000000                __tz_FLASH_S = ABSOLUTE (FLASH_START)
                0x00000000                __ROM_Start = .
 *(.fixed_vectors*)
 .fixed_vectors
                0x00000000       0x40 ./ra/fsp/src/bsp/cmsis/Device/RENESAS/Source/startup.o
                0x00000000                __Vectors
 *(.application_vectors*)
 .application_vectors
                0x00000040      0x180 ./ra_gen/vector_data.o
                0x00000040                g_vector_table
                0x000001c0                __Vectors_End = .
                0x00000400                . = (OPTION_SETTING_LENGTH > 0x0)?.:(__ROM_Start + 0x400)
 *fill*         0x000001c0      0x240 ff
 *(.rom_registers*)
 .rom_registers
                0x00000400       0x3c ./ra/fsp/src/bsp/mcu/all/bsp_rom_registers.o
                0x00000500                . = (OPTION_SETTING_LENGTH > 0x0)?.:(__ROM_Start + 0x500)
 *fill*         0x0000043c       0xc4 ff
                0x00000500                . = ALIGN (0x80)
 *(.mcuboot_sce9_key*)
 *(.text*)
 .text          0x00000500       0x40 c:/renesas/ra/e2studio_v2021-10_fsp_v3.5.0/toolchains/gcc_arm/gcc-arm-none-eabi-10.3-2021.10/bin/../lib/gcc/arm-none-eabi/10.3.1/thumb/v7e-m+fp/hard/crtbegin.o
 .text._WriteNoCheck
                0x00000540       0x54 ./src/SEGGER_RTT/SEGGER_RTT.o
 .text._WriteBlocking
                0x00000594       0x60 ./src/SEGGER_RTT/SEGGER_RTT.o
 .text._DoInit  0x000005f4       0x70 ./src/SEGGER_RTT/SEGGER_RTT.o
 .text.SEGGER_RTT_WriteNoLock
                0x00000664       0x88 ./src/SEGGER_RTT/SEGGER_RTT.o
                0x00000664                SEGGER_RTT_WriteNoLock
 .text.SEGGER_RTT_Write
                0x000006ec       0x38 ./src/SEGGER_RTT/SEGGER_RTT.o
                0x000006ec                SEGGER_RTT_Write
 .text._StoreChar
                0x00000724       0x40 ./src/SEGGER_RTT/SEGGER_RTT_printf.o
 .text._PrintUnsigned
                0x00000764       0xe4 ./src/SEGGER_RTT/SEGGER_RTT_printf.o
 .text.SEGGER_RTT_vprintf
                0x00000848      0x2e8 ./src/SEGGER_RTT/SEGGER_RTT_printf.o
                0x00000848                SEGGER_RTT_vprintf
 .text.SEGGER_RTT_printf
                0x00000b30       0x20 ./src/SEGGER_RTT/SEGGER_RTT_printf.o
                0x00000b30                SEGGER_RTT_printf
 .text.hal_entry
                0x00000b50       0x68 ./src/hal_entry.o
                0x00000b50                hal_entry
 .text.i2c_master_callback
                0x00000bb8       0x10 ./src/hal_entry.o
                0x00000bb8                i2c_master_callback
 .text.R_BSP_WarmStart
                0x00000bc8       0x18 ./src/hal_entry.o
                0x00000bc8                R_BSP_WarmStart
 .text.startup.main
                0x00000be0        0xc ./ra_gen/main.o
                0x00000be0                main
 .text.bsp_vbatt_init
                0x00000bec       0xac ./ra/fsp/src/r_ioport/r_ioport.o
 .text.r_ioport_pins_config
                0x00000c98       0xac ./ra/fsp/src/r_ioport/r_ioport.o
 .text.R_IOPORT_Open
                0x00000d44       0x30 ./ra/fsp/src/r_ioport/r_ioport.o
                0x00000d44                R_IOPORT_Open
 .text.iic_master_notify
                0x00000d74       0x3c ./ra/fsp/src/r_iic_master/r_iic_master.o
 .text.iic_master_run_hw_master
                0x00000db0       0xd8 ./ra/fsp/src/r_iic_master/r_iic_master.o
 .text.R_IIC_MASTER_Read
                0x00000e88       0x60 ./ra/fsp/src/r_iic_master/r_iic_master.o
                0x00000e88                R_IIC_MASTER_Read
 .text.R_IIC_MASTER_Write
                0x00000ee8       0x68 ./ra/fsp/src/r_iic_master/r_iic_master.o
                0x00000ee8                R_IIC_MASTER_Write
 .text.iic_master_open_hw_master
                0x00000f50      0x184 ./ra/fsp/src/r_iic_master/r_iic_master.o
 .text.R_IIC_MASTER_Open
                0x000010d4       0xe4 ./ra/fsp/src/r_iic_master/r_iic_master.o
                0x000010d4                R_IIC_MASTER_Open
 .text.R_IIC_MASTER_Close
                0x000011b8      0x120 ./ra/fsp/src/r_iic_master/r_iic_master.o
                0x000011b8                R_IIC_MASTER_Close
 .text.iic_master_rxi_isr
                0x000012d8      0x13c ./ra/fsp/src/r_iic_master/r_iic_master.o
                0x000012d8                iic_master_rxi_isr
 .text.iic_master_txi_isr
                0x00001414       0xec ./ra/fsp/src/r_iic_master/r_iic_master.o
                0x00001414                iic_master_txi_isr
 .text.iic_master_tei_isr
                0x00001500       0xc4 ./ra/fsp/src/r_iic_master/r_iic_master.o
                0x00001500                iic_master_tei_isr
 .text.iic_master_eri_isr
                0x000015c4      0x140 ./ra/fsp/src/r_iic_master/r_iic_master.o
                0x000015c4                iic_master_eri_isr
 .text.SystemCoreClockUpdate
                0x00001704       0x28 ./ra/fsp/src/bsp/mcu/all/bsp_clocks.o
                0x00001704                SystemCoreClockUpdate
 .text.bsp_clock_init
                0x0000172c      0x104 ./ra/fsp/src/bsp/mcu/all/bsp_clocks.o
                0x0000172c                bsp_clock_init
 .text.__assert_func
                0x00001830        0x4 ./ra/fsp/src/bsp/mcu/all/bsp_common.o
                0x00001830                __assert_func
 .text.NMI_Handler
                0x00001834       0x38 ./ra/fsp/src/bsp/mcu/all/bsp_group_irq.o
                0x00001834                NMI_Handler
 .text.bsp_irq_cfg
                0x0000186c       0x28 ./ra/fsp/src/bsp/mcu/all/bsp_irq.o
                0x0000186c                bsp_irq_cfg
 .text.R_BSP_RegisterProtectEnable
                0x00001894       0x60 ./ra/fsp/src/bsp/mcu/all/bsp_register_protection.o
                0x00001894                R_BSP_RegisterProtectEnable
 .text.R_BSP_RegisterProtectDisable
                0x000018f4       0x54 ./ra/fsp/src/bsp/mcu/all/bsp_register_protection.o
                0x000018f4                R_BSP_RegisterProtectDisable
 .text._sbrk    0x00001948       0x3c ./ra/fsp/src/bsp/mcu/all/bsp_sbrk.o
                0x00001948                _sbrk
 .text.Default_Handler
                0x00001984        0x4 ./ra/fsp/src/bsp/cmsis/Device/RENESAS/Source/startup.o
                0x00001984                DebugMon_Handler
                0x00001984                HardFault_Handler
                0x00001984                SysTick_Handler
                0x00001984                PendSV_Handler
                0x00001984                UsageFault_Handler
                0x00001984                SecureFault_Handler
                0x00001984                Default_Handler
                0x00001984                MemManage_Handler
                0x00001984                SVC_Handler
                0x00001984                BusFault_Handler
 .text.Reset_Handler
                0x00001988        0xc ./ra/fsp/src/bsp/cmsis/Device/RENESAS/Source/startup.o
                0x00001988                Reset_Handler
 .text.SystemInit
                0x00001994       0xc0 ./ra/fsp/src/bsp/cmsis/Device/RENESAS/Source/system.o
                0x00001994                SystemInit
 .text.bsp_init
                0x00001a54        0x4 ./ra/board/ra6m3_ek/board_init.o
                0x00001a54                bsp_init
 .text.__errno  0x00001a58        0xc c:/renesas/ra/e2studio_v2021-10_fsp_v3.5.0/toolchains/gcc_arm/gcc-arm-none-eabi-10.3-2021.10/bin/../lib/gcc/arm-none-eabi/10.3.1/../../../../arm-none-eabi/lib/thumb/v7e-m+fp/hard\libg_nano.a(lib_a-errno.o)
                0x00001a58                __errno
 .text.memcpy   0x00001a64       0x1c c:/renesas/ra/e2studio_v2021-10_fsp_v3.5.0/toolchains/gcc_arm/gcc-arm-none-eabi-10.3-2021.10/bin/../lib/gcc/arm-none-eabi/10.3.1/../../../../arm-none-eabi/lib/thumb/v7e-m+fp/hard\libg_nano.a(lib_a-memcpy-stub.o)
                0x00001a64                memcpy
 .text.memset   0x00001a80       0x10 c:/renesas/ra/e2studio_v2021-10_fsp_v3.5.0/toolchains/gcc_arm/gcc-arm-none-eabi-10.3-2021.10/bin/../lib/gcc/arm-none-eabi/10.3.1/../../../../arm-none-eabi/lib/thumb/v7e-m+fp/hard\libg_nano.a(lib_a-memset.o)
                0x00001a80                memset
 .text.__cvt    0x00001a90       0xc4 c:/renesas/ra/e2studio_v2021-10_fsp_v3.5.0/toolchains/gcc_arm/gcc-arm-none-eabi-10.3-2021.10/bin/../lib/gcc/arm-none-eabi/10.3.1/../../../../arm-none-eabi/lib/thumb/v7e-m+fp/hard\libg_nano.a(lib_a-nano-vfprintf_float.o)
                0x00001a90                __cvt
 .text.__exponent
                0x00001b54       0x7c c:/renesas/ra/e2studio_v2021-10_fsp_v3.5.0/toolchains/gcc_arm/gcc-arm-none-eabi-10.3-2021.10/bin/../lib/gcc/arm-none-eabi/10.3.1/../../../../arm-none-eabi/lib/thumb/v7e-m+fp/hard\libg_nano.a(lib_a-nano-vfprintf_float.o)
                0x00001b54                __exponent
 .text._printf_float
                0x00001bd0      0x46c c:/renesas/ra/e2studio_v2021-10_fsp_v3.5.0/toolchains/gcc_arm/gcc-arm-none-eabi-10.3-2021.10/bin/../lib/gcc/arm-none-eabi/10.3.1/../../../../arm-none-eabi/lib/thumb/v7e-m+fp/hard\libg_nano.a(lib_a-nano-vfprintf_float.o)
                0x00001bd0                _printf_float
 .text._printf_common
                0x0000203c       0xda c:/renesas/ra/e2studio_v2021-10_fsp_v3.5.0/toolchains/gcc_arm/gcc-arm-none-eabi-10.3-2021.10/bin/../lib/gcc/arm-none-eabi/10.3.1/../../../../arm-none-eabi/lib/thumb/v7e-m+fp/hard\libg_nano.a(lib_a-nano-vfprintf_i.o)
                0x0000203c                _printf_common
 .text          0x00002116       0x10 c:/renesas/ra/e2studio_v2021-10_fsp_v3.5.0/toolchains/gcc_arm/gcc-arm-none-eabi-10.3-2021.10/bin/../lib/gcc/arm-none-eabi/10.3.1/../../../../arm-none-eabi/lib/thumb/v7e-m+fp/hard\libg_nano.a(lib_a-strlen.o)
                0x00002116                strlen
 .text.quorem   0x00002126      0x116 c:/renesas/ra/e2studio_v2021-10_fsp_v3.5.0/toolchains/gcc_arm/gcc-arm-none-eabi-10.3-2021.10/bin/../lib/gcc/arm-none-eabi/10.3.1/../../../../arm-none-eabi/lib/thumb/v7e-m+fp/hard\libg_nano.a(lib_a-dtoa.o)
 *fill*         0x0000223c        0x4 ff
 .text._dtoa_r  0x00002240      0xbdc c:/renesas/ra/e2studio_v2021-10_fsp_v3.5.0/toolchains/gcc_arm/gcc-arm-none-eabi-10.3-2021.10/bin/../lib/gcc/arm-none-eabi/10.3.1/../../../../arm-none-eabi/lib/thumb/v7e-m+fp/hard\libg_nano.a(lib_a-dtoa.o)
                0x00002240                _dtoa_r
 .text._localeconv_r
                0x00002e1c        0x8 c:/renesas/ra/e2studio_v2021-10_fsp_v3.5.0/toolchains/gcc_arm/gcc-arm-none-eabi-10.3-2021.10/bin/../lib/gcc/arm-none-eabi/10.3.1/../../../../arm-none-eabi/lib/thumb/v7e-m+fp/hard\libg_nano.a(lib_a-localeconv.o)
                0x00002e1c                _localeconv_r
 .text.malloc   0x00002e24       0x10 c:/renesas/ra/e2studio_v2021-10_fsp_v3.5.0/toolchains/gcc_arm/gcc-arm-none-eabi-10.3-2021.10/bin/../lib/gcc/arm-none-eabi/10.3.1/../../../../arm-none-eabi/lib/thumb/v7e-m+fp/hard\libg_nano.a(lib_a-malloc.o)
                0x00002e24                malloc
 .text._Balloc  0x00002e34       0x80 c:/renesas/ra/e2studio_v2021-10_fsp_v3.5.0/toolchains/gcc_arm/gcc-arm-none-eabi-10.3-2021.10/bin/../lib/gcc/arm-none-eabi/10.3.1/../../../../arm-none-eabi/lib/thumb/v7e-m+fp/hard\libg_nano.a(lib_a-mprec.o)
                0x00002e34                _Balloc
 .text._Bfree   0x00002eb4       0x44 c:/renesas/ra/e2studio_v2021-10_fsp_v3.5.0/toolchains/gcc_arm/gcc-arm-none-eabi-10.3-2021.10/bin/../lib/gcc/arm-none-eabi/10.3.1/../../../../arm-none-eabi/lib/thumb/v7e-m+fp/hard\libg_nano.a(lib_a-mprec.o)
                0x00002eb4                _Bfree
 .text.__multadd
                0x00002ef8       0x8c c:/renesas/ra/e2studio_v2021-10_fsp_v3.5.0/toolchains/gcc_arm/gcc-arm-none-eabi-10.3-2021.10/bin/../lib/gcc/arm-none-eabi/10.3.1/../../../../arm-none-eabi/lib/thumb/v7e-m+fp/hard\libg_nano.a(lib_a-mprec.o)
                0x00002ef8                __multadd
 .text.__hi0bits
                0x00002f84       0x40 c:/renesas/ra/e2studio_v2021-10_fsp_v3.5.0/toolchains/gcc_arm/gcc-arm-none-eabi-10.3-2021.10/bin/../lib/gcc/arm-none-eabi/10.3.1/../../../../arm-none-eabi/lib/thumb/v7e-m+fp/hard\libg_nano.a(lib_a-mprec.o)
                0x00002f84                __hi0bits
 .text.__lo0bits
                0x00002fc4       0x5e c:/renesas/ra/e2studio_v2021-10_fsp_v3.5.0/toolchains/gcc_arm/gcc-arm-none-eabi-10.3-2021.10/bin/../lib/gcc/arm-none-eabi/10.3.1/../../../../arm-none-eabi/lib/thumb/v7e-m+fp/hard\libg_nano.a(lib_a-mprec.o)
                0x00002fc4                __lo0bits
 *fill*         0x00003022        0x2 ff
 .text.__i2b    0x00003024       0x2c c:/renesas/ra/e2studio_v2021-10_fsp_v3.5.0/toolchains/gcc_arm/gcc-arm-none-eabi-10.3-2021.10/bin/../lib/gcc/arm-none-eabi/10.3.1/../../../../arm-none-eabi/lib/thumb/v7e-m+fp/hard\libg_nano.a(lib_a-mprec.o)
                0x00003024                __i2b
 .text.__multiply
                0x00003050      0x154 c:/renesas/ra/e2studio_v2021-10_fsp_v3.5.0/toolchains/gcc_arm/gcc-arm-none-eabi-10.3-2021.10/bin/../lib/gcc/arm-none-eabi/10.3.1/../../../../arm-none-eabi/lib/thumb/v7e-m+fp/hard\libg_nano.a(lib_a-mprec.o)
                0x00003050                __multiply
 .text.__pow5mult
                0x000031a4       0xb4 c:/renesas/ra/e2studio_v2021-10_fsp_v3.5.0/toolchains/gcc_arm/gcc-arm-none-eabi-10.3-2021.10/bin/../lib/gcc/arm-none-eabi/10.3.1/../../../../arm-none-eabi/lib/thumb/v7e-m+fp/hard\libg_nano.a(lib_a-mprec.o)
                0x000031a4                __pow5mult
 .text.__lshift
                0x00003258       0xe0 c:/renesas/ra/e2studio_v2021-10_fsp_v3.5.0/toolchains/gcc_arm/gcc-arm-none-eabi-10.3-2021.10/bin/../lib/gcc/arm-none-eabi/10.3.1/../../../../arm-none-eabi/lib/thumb/v7e-m+fp/hard\libg_nano.a(lib_a-mprec.o)
                0x00003258                __lshift
 .text.__mcmp   0x00003338       0x38 c:/renesas/ra/e2studio_v2021-10_fsp_v3.5.0/toolchains/gcc_arm/gcc-arm-none-eabi-10.3-2021.10/bin/../lib/gcc/arm-none-eabi/10.3.1/../../../../arm-none-eabi/lib/thumb/v7e-m+fp/hard\libg_nano.a(lib_a-mprec.o)
                0x00003338                __mcmp
 .text.__mdiff  0x00003370      0x114 c:/renesas/ra/e2studio_v2021-10_fsp_v3.5.0/toolchains/gcc_arm/gcc-arm-none-eabi-10.3-2021.10/bin/../lib/gcc/arm-none-eabi/10.3.1/../../../../arm-none-eabi/lib/thumb/v7e-m+fp/hard\libg_nano.a(lib_a-mprec.o)
                0x00003370                __mdiff
 .text.__d2b    0x00003484       0xb8 c:/renesas/ra/e2studio_v2021-10_fsp_v3.5.0/toolchains/gcc_arm/gcc-arm-none-eabi-10.3-2021.10/bin/../lib/gcc/arm-none-eabi/10.3.1/../../../../arm-none-eabi/lib/thumb/v7e-m+fp/hard\libg_nano.a(lib_a-mprec.o)
                0x00003484                __d2b
 .text._calloc_r
                0x0000353c       0x2c c:/renesas/ra/e2studio_v2021-10_fsp_v3.5.0/toolchains/gcc_arm/gcc-arm-none-eabi-10.3-2021.10/bin/../lib/gcc/arm-none-eabi/10.3.1/../../../../arm-none-eabi/lib/thumb/v7e-m+fp/hard\libg_nano.a(lib_a-nano-callocr.o)
                0x0000353c                _calloc_r
 .text.sbrk_aligned
                0x00003568       0x40 c:/renesas/ra/e2studio_v2021-10_fsp_v3.5.0/toolchains/gcc_arm/gcc-arm-none-eabi-10.3-2021.10/bin/../lib/gcc/arm-none-eabi/10.3.1/../../../../arm-none-eabi/lib/thumb/v7e-m+fp/hard\libg_nano.a(lib_a-nano-mallocr.o)
 .text._malloc_r
                0x000035a8       0xe8 c:/renesas/ra/e2studio_v2021-10_fsp_v3.5.0/toolchains/gcc_arm/gcc-arm-none-eabi-10.3-2021.10/bin/../lib/gcc/arm-none-eabi/10.3.1/../../../../arm-none-eabi/lib/thumb/v7e-m+fp/hard\libg_nano.a(lib_a-nano-mallocr.o)
                0x000035a8                _malloc_r
 .text._sbrk_r  0x00003690       0x20 c:/renesas/ra/e2studio_v2021-10_fsp_v3.5.0/toolchains/gcc_arm/gcc-arm-none-eabi-10.3-2021.10/bin/../lib/gcc/arm-none-eabi/10.3.1/../../../../arm-none-eabi/lib/thumb/v7e-m+fp/hard\libg_nano.a(lib_a-sbrkr.o)
                0x00003690                _sbrk_r
 .text.__ascii_mbtowc
                0x000036b0       0x24 c:/renesas/ra/e2studio_v2021-10_fsp_v3.5.0/toolchains/gcc_arm/gcc-arm-none-eabi-10.3-2021.10/bin/../lib/gcc/arm-none-eabi/10.3.1/../../../../arm-none-eabi/lib/thumb/v7e-m+fp/hard\libg_nano.a(lib_a-mbtowc_r.o)
                0x000036b0                __ascii_mbtowc
 .text.__malloc_lock
                0x000036d4        0xc c:/renesas/ra/e2studio_v2021-10_fsp_v3.5.0/toolchains/gcc_arm/gcc-arm-none-eabi-10.3-2021.10/bin/../lib/gcc/arm-none-eabi/10.3.1/../../../../arm-none-eabi/lib/thumb/v7e-m+fp/hard\libg_nano.a(lib_a-mlock.o)
                0x000036d4                __malloc_lock
 .text.__malloc_unlock
                0x000036e0        0xc c:/renesas/ra/e2studio_v2021-10_fsp_v3.5.0/toolchains/gcc_arm/gcc-arm-none-eabi-10.3-2021.10/bin/../lib/gcc/arm-none-eabi/10.3.1/../../../../arm-none-eabi/lib/thumb/v7e-m+fp/hard\libg_nano.a(lib_a-mlock.o)
                0x000036e0                __malloc_unlock
 .text.__ascii_wctomb
                0x000036ec       0x1a c:/renesas/ra/e2studio_v2021-10_fsp_v3.5.0/toolchains/gcc_arm/gcc-arm-none-eabi-10.3-2021.10/bin/../lib/gcc/arm-none-eabi/10.3.1/../../../../arm-none-eabi/lib/thumb/v7e-m+fp/hard\libg_nano.a(lib_a-wctomb_r.o)
                0x000036ec                __ascii_wctomb
 .text.__retarget_lock_acquire_recursive
                0x00003706        0x2 c:/renesas/ra/e2studio_v2021-10_fsp_v3.5.0/toolchains/gcc_arm/gcc-arm-none-eabi-10.3-2021.10/bin/../lib/gcc/arm-none-eabi/10.3.1/../../../../arm-none-eabi/lib/thumb/v7e-m+fp/hard\libg_nano.a(lib_a-lock.o)
                0x00003706                __retarget_lock_acquire_recursive
 .text.__retarget_lock_release_recursive
                0x00003708        0x2 c:/renesas/ra/e2studio_v2021-10_fsp_v3.5.0/toolchains/gcc_arm/gcc-arm-none-eabi-10.3-2021.10/bin/../lib/gcc/arm-none-eabi/10.3.1/../../../../arm-none-eabi/lib/thumb/v7e-m+fp/hard\libg_nano.a(lib_a-lock.o)
                0x00003708                __retarget_lock_release_recursive
 *fill*         0x0000370a        0x2 ff
 .text          0x0000370c      0x378 c:/renesas/ra/e2studio_v2021-10_fsp_v3.5.0/toolchains/gcc_arm/gcc-arm-none-eabi-10.3-2021.10/bin/../lib/gcc/arm-none-eabi/10.3.1/thumb/v7e-m+fp/hard\libgcc.a(_arm_addsubdf3.o)
                0x0000370c                __aeabi_drsub
                0x00003714                __aeabi_dsub
                0x00003714                __subdf3
                0x00003718                __aeabi_dadd
                0x00003718                __adddf3
                0x00003990                __floatunsidf
                0x00003990                __aeabi_ui2d
                0x000039b0                __floatsidf
                0x000039b0                __aeabi_i2d
                0x000039d4                __aeabi_f2d
                0x000039d4                __extendsfdf2
                0x00003a18                __floatundidf
                0x00003a18                __aeabi_ul2d
                0x00003a28                __floatdidf
                0x00003a28                __aeabi_l2d
 .text          0x00003a84      0x424 c:/renesas/ra/e2studio_v2021-10_fsp_v3.5.0/toolchains/gcc_arm/gcc-arm-none-eabi-10.3-2021.10/bin/../lib/gcc/arm-none-eabi/10.3.1/thumb/v7e-m+fp/hard\libgcc.a(_arm_muldivdf3.o)
                0x00003a84                __aeabi_dmul
                0x00003a84                __muldf3
                0x00003cd8                __divdf3
                0x00003cd8                __aeabi_ddiv
 .text          0x00003ea8      0x110 c:/renesas/ra/e2studio_v2021-10_fsp_v3.5.0/toolchains/gcc_arm/gcc-arm-none-eabi-10.3-2021.10/bin/../lib/gcc/arm-none-eabi/10.3.1/thumb/v7e-m+fp/hard\libgcc.a(_arm_cmpdf2.o)
                0x00003ea8                __gtdf2
                0x00003ea8                __gedf2
                0x00003eb0                __ltdf2
                0x00003eb0                __ledf2
                0x00003eb8                __nedf2
                0x00003eb8                __eqdf2
                0x00003eb8                __cmpdf2
                0x00003f34                __aeabi_cdrcmple
                0x00003f44                __aeabi_cdcmpeq
                0x00003f44                __aeabi_cdcmple
                0x00003f54                __aeabi_dcmpeq
                0x00003f68                __aeabi_dcmplt
                0x00003f7c                __aeabi_dcmple
                0x00003f90                __aeabi_dcmpge
                0x00003fa4                __aeabi_dcmpgt
 .text          0x00003fb8       0x2c c:/renesas/ra/e2studio_v2021-10_fsp_v3.5.0/toolchains/gcc_arm/gcc-arm-none-eabi-10.3-2021.10/bin/../lib/gcc/arm-none-eabi/10.3.1/thumb/v7e-m+fp/hard\libgcc.a(_arm_unorddf2.o)
                0x00003fb8                __unorddf2
                0x00003fb8                __aeabi_dcmpun
 .text          0x00003fe4       0x50 c:/renesas/ra/e2studio_v2021-10_fsp_v3.5.0/toolchains/gcc_arm/gcc-arm-none-eabi-10.3-2021.10/bin/../lib/gcc/arm-none-eabi/10.3.1/thumb/v7e-m+fp/hard\libgcc.a(_arm_fixdfsi.o)
                0x00003fe4                __aeabi_d2iz
                0x00003fe4                __fixdfsi
 *(.version)
 .version       0x00004034       0x50 ./ra/fsp/src/bsp/mcu/all/bsp_common.o
 *(.init)
 .init          0x00004084        0x4 c:/renesas/ra/e2studio_v2021-10_fsp_v3.5.0/toolchains/gcc_arm/gcc-arm-none-eabi-10.3-2021.10/bin/../lib/gcc/arm-none-eabi/10.3.1/thumb/v7e-m+fp/hard/crti.o
                0x00004084                _init
 .init          0x00004088        0x8 c:/renesas/ra/e2studio_v2021-10_fsp_v3.5.0/toolchains/gcc_arm/gcc-arm-none-eabi-10.3-2021.10/bin/../lib/gcc/arm-none-eabi/10.3.1/thumb/v7e-m+fp/hard/crtn.o
 *(.fini)
 .fini          0x00004090        0x4 c:/renesas/ra/e2studio_v2021-10_fsp_v3.5.0/toolchains/gcc_arm/gcc-arm-none-eabi-10.3-2021.10/bin/../lib/gcc/arm-none-eabi/10.3.1/thumb/v7e-m+fp/hard/crti.o
                0x00004090                _fini
 .fini          0x00004094        0x8 c:/renesas/ra/e2studio_v2021-10_fsp_v3.5.0/toolchains/gcc_arm/gcc-arm-none-eabi-10.3-2021.10/bin/../lib/gcc/arm-none-eabi/10.3.1/thumb/v7e-m+fp/hard/crtn.o
 *crtbegin.o(.ctors)
 *crtbegin?.o(.ctors)
 *(EXCLUDE_FILE(*crtend.o *crtend?.o) .ctors)
 *(SORT_BY_NAME(.ctors.*))
 *(.ctors)
 *crtbegin.o(.dtors)
 *crtbegin?.o(.dtors)
 *(EXCLUDE_FILE(*crtend.o *crtend?.o) .dtors)
 *(SORT_BY_NAME(.dtors.*))
 *(.dtors)
 *(.rodata*)
 .rodata._DoInit.str1.4
                0x0000409c        0x9 ./src/SEGGER_RTT/SEGGER_RTT.o
 *fill*         0x000040a5        0x3 ff
 .rodata._aInitStr.0
                0x000040a8       0x11 ./src/SEGGER_RTT/SEGGER_RTT.o
 *fill*         0x000040b9        0x3 ff
 .rodata._aV2C.0
                0x000040bc       0x10 ./src/SEGGER_RTT/SEGGER_RTT_printf.o
 .rodata.hal_entry.str1.4
                0x000040cc        0x3 ./src/hal_entry.o
 *fill*         0x000040cf        0x1 ff
 .rodata.g_i2c_master_cfg
                0x000040d0       0x28 ./ra_gen/hal_data.o
                0x000040d0                g_i2c_master_cfg
 .rodata.g_i2c_master_extend
                0x000040f8        0x5 ./ra_gen/hal_data.o
                0x000040f8                g_i2c_master_extend
 *fill*         0x000040fd        0x3 ff
 .rodata.g_bsp_pin_cfg
                0x00004100        0x8 ./ra_gen/pin_data.o
                0x00004100                g_bsp_pin_cfg
 .rodata.g_bsp_pin_cfg_data
                0x00004108      0x148 ./ra_gen/pin_data.o
                0x00004108                g_bsp_pin_cfg_data
 .rodata.g_interrupt_event_link_select
                0x00004250       0xc0 ./ra_gen/vector_data.o
                0x00004250                g_interrupt_event_link_select
 .rodata.g_prcr_masks
                0x00004310        0x8 ./ra/fsp/src/bsp/mcu/all/bsp_register_protection.o
 .rodata._printf_float.str1.1
                0x00004318       0x12 c:/renesas/ra/e2studio_v2021-10_fsp_v3.5.0/toolchains/gcc_arm/gcc-arm-none-eabi-10.3-2021.10/bin/../lib/gcc/arm-none-eabi/10.3.1/../../../../arm-none-eabi/lib/thumb/v7e-m+fp/hard\libg_nano.a(lib_a-nano-vfprintf_float.o)
 .rodata._dtoa_r.str1.1
                0x0000432a       0xb3 c:/renesas/ra/e2studio_v2021-10_fsp_v3.5.0/toolchains/gcc_arm/gcc-arm-none-eabi-10.3-2021.10/bin/../lib/gcc/arm-none-eabi/10.3.1/../../../../arm-none-eabi/lib/thumb/v7e-m+fp/hard\libg_nano.a(lib_a-dtoa.o)
                                 0xb5 (size before relaxing)
 .rodata._Balloc.str1.1
                0x000043dd       0x7f c:/renesas/ra/e2studio_v2021-10_fsp_v3.5.0/toolchains/gcc_arm/gcc-arm-none-eabi-10.3-2021.10/bin/../lib/gcc/arm-none-eabi/10.3.1/../../../../arm-none-eabi/lib/thumb/v7e-m+fp/hard\libg_nano.a(lib_a-mprec.o)
                                 0x96 (size before relaxing)
 .rodata.__multadd.str1.1
                0x0000445c       0x11 c:/renesas/ra/e2studio_v2021-10_fsp_v3.5.0/toolchains/gcc_arm/gcc-arm-none-eabi-10.3-2021.10/bin/../lib/gcc/arm-none-eabi/10.3.1/../../../../arm-none-eabi/lib/thumb/v7e-m+fp/hard\libg_nano.a(lib_a-mprec.o)
 *fill*         0x0000445c        0x4 ff
 .rodata.__mprec_bigtens
                0x00004460       0x28 c:/renesas/ra/e2studio_v2021-10_fsp_v3.5.0/toolchains/gcc_arm/gcc-arm-none-eabi-10.3-2021.10/bin/../lib/gcc/arm-none-eabi/10.3.1/../../../../arm-none-eabi/lib/thumb/v7e-m+fp/hard\libg_nano.a(lib_a-mprec.o)
                0x00004460                __mprec_bigtens
 .rodata.__mprec_tens
                0x00004488       0xc8 c:/renesas/ra/e2studio_v2021-10_fsp_v3.5.0/toolchains/gcc_arm/gcc-arm-none-eabi-10.3-2021.10/bin/../lib/gcc/arm-none-eabi/10.3.1/../../../../arm-none-eabi/lib/thumb/v7e-m+fp/hard\libg_nano.a(lib_a-mprec.o)
                0x00004488                __mprec_tens
 .rodata.p05.0  0x00004550        0xc c:/renesas/ra/e2studio_v2021-10_fsp_v3.5.0/toolchains/gcc_arm/gcc-arm-none-eabi-10.3-2021.10/bin/../lib/gcc/arm-none-eabi/10.3.1/../../../../arm-none-eabi/lib/thumb/v7e-m+fp/hard\libg_nano.a(lib_a-mprec.o)
 .rodata._setlocale_r.str1.1
                0x0000455c        0x8 c:/renesas/ra/e2studio_v2021-10_fsp_v3.5.0/toolchains/gcc_arm/gcc-arm-none-eabi-10.3-2021.10/bin/../lib/gcc/arm-none-eabi/10.3.1/../../../../arm-none-eabi/lib/thumb/v7e-m+fp/hard\libg_nano.a(lib_a-locale.o)
                                  0x9 (size before relaxing)
 .rodata.str1.1
                0x00004564        0x2 c:/renesas/ra/e2studio_v2021-10_fsp_v3.5.0/toolchains/gcc_arm/gcc-arm-none-eabi-10.3-2021.10/bin/../lib/gcc/arm-none-eabi/10.3.1/../../../../arm-none-eabi/lib/thumb/v7e-m+fp/hard\libg_nano.a(lib_a-locale.o)
 .rodata._ctype_
                0x00004566      0x101 c:/renesas/ra/e2studio_v2021-10_fsp_v3.5.0/toolchains/gcc_arm/gcc-arm-none-eabi-10.3-2021.10/bin/../lib/gcc/arm-none-eabi/10.3.1/../../../../arm-none-eabi/lib/thumb/v7e-m+fp/hard\libg_nano.a(lib_a-ctype_.o)
                0x00004566                _ctype_
 *fill*         0x00004667        0x1 ff
 .rodata.__sf_fake_stderr
                0x00004668       0x20 c:/renesas/ra/e2studio_v2021-10_fsp_v3.5.0/toolchains/gcc_arm/gcc-arm-none-eabi-10.3-2021.10/bin/../lib/gcc/arm-none-eabi/10.3.1/../../../../arm-none-eabi/lib/thumb/v7e-m+fp/hard\libc_nano.a(lib_a-findfp.o)
                0x00004668                __sf_fake_stderr
 .rodata.__sf_fake_stdin
                0x00004688       0x20 c:/renesas/ra/e2studio_v2021-10_fsp_v3.5.0/toolchains/gcc_arm/gcc-arm-none-eabi-10.3-2021.10/bin/../lib/gcc/arm-none-eabi/10.3.1/../../../../arm-none-eabi/lib/thumb/v7e-m+fp/hard\libc_nano.a(lib_a-findfp.o)
                0x00004688                __sf_fake_stdin
 .rodata.__sf_fake_stdout
                0x000046a8       0x20 c:/renesas/ra/e2studio_v2021-10_fsp_v3.5.0/toolchains/gcc_arm/gcc-arm-none-eabi-10.3-2021.10/bin/../lib/gcc/arm-none-eabi/10.3.1/../../../../arm-none-eabi/lib/thumb/v7e-m+fp/hard\libc_nano.a(lib_a-findfp.o)
                0x000046a8                __sf_fake_stdout
                0x000046c8                __usb_dev_descriptor_start_fs = .
 *(.usb_device_desc_fs*)
                0x000046c8                __usb_cfg_descriptor_start_fs = .
 *(.usb_config_desc_fs*)
                0x000046c8                __usb_interface_descriptor_start_fs = .
 *(.usb_interface_desc_fs*)
                0x000046c8                __usb_descriptor_end_fs = .
                0x000046c8                __usb_dev_descriptor_start_hs = .
 *(.usb_device_desc_hs*)
                0x000046c8                __usb_cfg_descriptor_start_hs = .
 *(.usb_config_desc_hs*)
                0x000046c8                __usb_interface_descriptor_start_hs = .
 *(.usb_interface_desc_hs*)
                0x000046c8                __usb_descriptor_end_hs = .
 *(.eh_frame*)
 .eh_frame      0x000046c8        0x0 c:/renesas/ra/e2studio_v2021-10_fsp_v3.5.0/toolchains/gcc_arm/gcc-arm-none-eabi-10.3-2021.10/bin/../lib/gcc/arm-none-eabi/10.3.1/thumb/v7e-m+fp/hard/crtbegin.o
 .eh_frame      0x000046c8        0x4 c:/renesas/ra/e2studio_v2021-10_fsp_v3.5.0/toolchains/gcc_arm/gcc-arm-none-eabi-10.3-2021.10/bin/../lib/gcc/arm-none-eabi/10.3.1/thumb/v7e-m+fp/hard/crtend.o
                0x000046cc                __ROM_End = .
                0x000001c0                __Vectors_Size = (__Vectors_End - __Vectors)

.glue_7         0x000046cc        0x0
 .glue_7        0x000046cc        0x0 linker stubs

.glue_7t        0x000046cc        0x0
 .glue_7t       0x000046cc        0x0 linker stubs

.vfp11_veneer   0x000046cc        0x0
 .vfp11_veneer  0x000046cc        0x0 linker stubs

.v4_bx          0x000046cc        0x0
 .v4_bx         0x000046cc        0x0 linker stubs

.iplt           0x000046cc        0x0
 .iplt          0x000046cc        0x0 c:/renesas/ra/e2studio_v2021-10_fsp_v3.5.0/toolchains/gcc_arm/gcc-arm-none-eabi-10.3-2021.10/bin/../lib/gcc/arm-none-eabi/10.3.1/thumb/v7e-m+fp/hard/crtbegin.o
                0x000046cc                . = .
                0x000046cc                __itcm_data_pre_location = .

.itcm_data      0x00000000        0x0 load address 0x000046d0
                0x00000000                __tz_ITCM_S = ABSOLUTE (ITCM_START)
                0x00000000                __itcm_data_start = .
 *(.itcm_data*)
                0x00000000                . = ALIGN (0x8)
                0x00000000                __itcm_data_end = .
                0x00000000                __tz_ITCM_N = DEFINED (ITCM_NS_START)?ABSOLUTE (ITCM_NS_START):ALIGN (__itcm_data_end, 0x2000)
                0x000046d0                __itcm_data_init_start = LOADADDR (.itcm_data)
                0x000046d0                __itcm_data_init_end = (LOADADDR (.itcm_data) + SIZEOF (.itcm_data))
                0x00000001                ASSERT (((ORIGIN (ITCM) % 0x8) == 0x0), ITCM memory region origin must be aligned to 8 bytes.)
                0x00000001                ASSERT (((LENGTH (ITCM) % 0x8) == 0x0), ITCM memory region length must be a multiple of 8 bytes.)
                0x00000001                ASSERT (((LOADADDR (.itcm_data) % 0x10) == 0x0), .itcm_data section must be aligned to 16 bytes.)
                0x00000001                ASSERT (((SIZEOF (.itcm_data) % 0x8) == 0x0), .itcm_data section size must be a multiple of 8 bytes.)
                0x000046cc                . = (SIZEOF (.itcm_data) > 0x0)?__itcm_data_init_end:__itcm_data_pre_location

.ARM.extab
 *(.ARM.extab* .gnu.linkonce.armextab.*)
                0x000046cc                __exidx_start = .

.ARM.exidx
 *(.ARM.exidx* .gnu.linkonce.armexidx.*)
                0x000046cc                __exidx_end = .
                0x000046cc                __etext = .
                0x1ffe0000                __tz_RAM_S = ORIGIN (RAM)

.fsp_dtc_vector_table
                0x1ffe0000        0x0
                0x1ffe0000                . = ORIGIN (RAM)
 *(.fsp_dtc_vector_table)

.data           0x1ffe0000      0x1d8 load address 0x000046cc
                0x1ffe0000                __data_start__ = .
                0x1ffe0000                . = ALIGN (0x4)
                0x1ffe0000                __Code_In_RAM_Start = .
 *(.code_in_ram*)
                0x1ffe0000                __Code_In_RAM_End = .
 *(vtable)
 *(.data.*)
 .data._impure_ptr
                0x1ffe0000        0x4 c:/renesas/ra/e2studio_v2021-10_fsp_v3.5.0/toolchains/gcc_arm/gcc-arm-none-eabi-10.3-2021.10/bin/../lib/gcc/arm-none-eabi/10.3.1/../../../../arm-none-eabi/lib/thumb/v7e-m+fp/hard\libg_nano.a(lib_a-impure.o)
                0x1ffe0000                _impure_ptr
 .data.impure_data
                0x1ffe0004       0x60 c:/renesas/ra/e2studio_v2021-10_fsp_v3.5.0/toolchains/gcc_arm/gcc-arm-none-eabi-10.3-2021.10/bin/../lib/gcc/arm-none-eabi/10.3.1/../../../../arm-none-eabi/lib/thumb/v7e-m+fp/hard\libg_nano.a(lib_a-impure.o)
 .data.__global_locale
                0x1ffe0064      0x16c c:/renesas/ra/e2studio_v2021-10_fsp_v3.5.0/toolchains/gcc_arm/gcc-arm-none-eabi-10.3-2021.10/bin/../lib/gcc/arm-none-eabi/10.3.1/../../../../arm-none-eabi/lib/thumb/v7e-m+fp/hard\libg_nano.a(lib_a-locale.o)
                0x1ffe0064                __global_locale
 *(.data)
                0x1ffe01d0                . = ALIGN (0x4)
                0x1ffe01d0                PROVIDE (__preinit_array_start = .)
 *(.preinit_array)
                0x1ffe01d0                PROVIDE (__preinit_array_end = .)
                0x1ffe01d0                . = ALIGN (0x4)
                0x1ffe01d0                PROVIDE (__init_array_start = .)
 *(SORT_BY_NAME(.init_array.*))
 *(.init_array)
 .init_array    0x1ffe01d0        0x4 c:/renesas/ra/e2studio_v2021-10_fsp_v3.5.0/toolchains/gcc_arm/gcc-arm-none-eabi-10.3-2021.10/bin/../lib/gcc/arm-none-eabi/10.3.1/thumb/v7e-m+fp/hard/crtbegin.o
                0x1ffe01d4                PROVIDE (__init_array_end = .)
                0x1ffe01d4                . = ALIGN (0x4)
                [!provide]                PROVIDE (__fini_array_start = .)
 *(SORT_BY_NAME(.fini_array.*))
 *(.fini_array)
 .fini_array    0x1ffe01d4        0x4 c:/renesas/ra/e2studio_v2021-10_fsp_v3.5.0/toolchains/gcc_arm/gcc-arm-none-eabi-10.3-2021.10/bin/../lib/gcc/arm-none-eabi/10.3.1/thumb/v7e-m+fp/hard/crtbegin.o
                [!provide]                PROVIDE (__fini_array_end = .)
 *(.jcr*)
                0x1ffe01d8                . = ALIGN (0x4)
                0x1ffe01d8                __data_end__ = .

.igot.plt       0x1ffe01d8        0x0 load address 0x000048a4
 .igot.plt      0x1ffe01d8        0x0 c:/renesas/ra/e2studio_v2021-10_fsp_v3.5.0/toolchains/gcc_arm/gcc-arm-none-eabi-10.3-2021.10/bin/../lib/gcc/arm-none-eabi/10.3.1/thumb/v7e-m+fp/hard/crtbegin.o
                0x1ffe01d8                . = .
                0x000048a4                __dtcm_data_pre_location = (LOADADDR (.data) + SIZEOF (.data))

.dtcm_data      0x00000000        0x0 load address 0x000048b0
                0x00000000                __tz_DTCM_S = ABSOLUTE (DTCM_START)
                0x00000000                __dtcm_data_start = .
 *(.dtcm_data*)
                0x00000000                . = ALIGN (0x8)
                0x00000000                __dtcm_data_end = .
                0x00000000                . = __dtcm_data_end

.dtcm_bss       0x00000000        0x0
                0x00000000                __dtcm_bss_start = .
 *(.dtcm_bss*)
                0x00000000                . = ALIGN (0x8)
                0x00000000                __dtcm_bss_end = .
                0x00000000                __tz_DTCM_N = DEFINED (DTCM_NS_START)?ABSOLUTE (DTCM_NS_START):ALIGN (__dtcm_bss_end, 0x2000)
                0x000048b0                __dtcm_data_init_start = LOADADDR (.dtcm_data)
                0x000048b0                __dtcm_data_init_end = (LOADADDR (.dtcm_data) + SIZEOF (.dtcm_data))
                0x00000001                ASSERT (((ORIGIN (DTCM) % 0x8) == 0x0), DTCM memory region origin must be aligned to 8 bytes.)
                0x00000001                ASSERT (((LENGTH (DTCM) % 0x8) == 0x0), DTCM memory region length must be a multiple of 8 bytes.)
                0x00000001                ASSERT ((LOADADDR (.dtcm_bss) == ADDR (.dtcm_bss)), .dtcm_bss has (VMA != LMA) but should be NOLOAD (VMA == LMA).)
                0x00000001                ASSERT (((LOADADDR (.dtcm_data) % 0x10) == 0x0), .dtcm_data section must be aligned to 16 bytes.)
                0x00000001                ASSERT (((SIZEOF (.dtcm_data) % 0x8) == 0x0), .dtcm_data section size must be a multiple of 8 bytes.)
                0x00000001                ASSERT (((LOADADDR (.dtcm_bss) % 0x8) == 0x0), .dtcm_bss section must be aligned to 8 bytes.)
                0x00000001                ASSERT (((SIZEOF (.dtcm_bss) % 0x8) == 0x0), .dtcm_bss section size must be a multiple of 8 bytes.)
                0x00000001                ASSERT ((__dtcm_bss_start == __dtcm_data_end), .dtcm_bss section is not adjacent to .dtcm_data section.)
                0x000048a4                . = (SIZEOF (.dtcm_data) > 0x0)?__dtcm_data_init_end:__dtcm_data_pre_location
                0x000048a4                sgstubs_pre_location = .
                0x00004c00                SGSTUBS_LOC = (DEFINED (PROJECT_SECURE) && DEFINED (FLASH_NSC_START))?ABSOLUTE (FLASH_NSC_START):ALIGN (0x400)

.gnu.sgstubs    0x00004c00        0x0
                0x00004c00                __tz_FLASH_C = DEFINED (FLASH_NSC_START)?ABSOLUTE (FLASH_NSC_START):__RESERVE_NS_RAM?ABSOLUTE ((FLASH_START + FLASH_LENGTH)):ALIGN (0x400)
                0x00004c00                _start_sg = .
 *(.gnu.sgstubs*)
                0x00004c00                . = ALIGN (0x20)
                0x00004c00                _end_sg = .
                0x00008000                __tz_FLASH_N = DEFINED (FLASH_NS_START)?ABSOLUTE (FLASH_NS_START):__RESERVE_NS_RAM?ABSOLUTE ((FLASH_START + FLASH_LENGTH)):(FLASH_LENGTH < 0x8000)?FLASH_LENGTH:ALIGN (0x8000)
                0x00008000                FLASH_NS_IMAGE_START = DEFINED (FLASH_NS_IMAGE_START)?FLASH_NS_IMAGE_START:__tz_FLASH_N
                0x60000000                __tz_QSPI_FLASH_S = ORIGIN (QSPI_FLASH)

.qspi_flash     0x60000000        0x0
                0x60000000                __qspi_flash_start__ = .
 *(.qspi_flash*)
 *(.code_in_qspi*)
                0x60000000                __qspi_flash_end__ = .
                0x00000000                __qspi_flash_code_size__ = (__qspi_flash_end__ - __qspi_flash_start__)
                0x000048a4                __qspi_flash_code_addr__ = sgstubs_pre_location

.qspi_non_retentive
                0x60000000        0x0 load address 0x000048a4
                0x60000000                __qspi_non_retentive_start__ = .
 *(.qspi_non_retentive*)
                0x60000000                __qspi_non_retentive_end__ = .
                0x00000000                __qspi_non_retentive_size__ = (__qspi_non_retentive_end__ - __qspi_non_retentive_start__)
                0x04000000                __qspi_region_max_size__ = 0x4000000
                0x60000000                __qspi_region_start_address__ = __qspi_flash_start__
                0x64000000                __qspi_region_end_address__ = (__qspi_flash_start__ + __qspi_region_max_size__)
                0x60000000                __tz_QSPI_FLASH_N = __qspi_non_retentive_end__

.OSPI_DEVICE_0_NO_LOAD
                0x68000000        0x0
                0x68000000                . = ALIGN (0x4)
                0x68000000                __ospi_device_0_start__ = .
 *(.ospi_device_0_no_load*)
                0x68000000                . = ALIGN (0x4)
                0x68000000                __ospi_device_0_end__ = .

.OSPI_DEVICE_1_NO_LOAD
                0x70000000        0x0
                0x70000000                . = ALIGN (0x4)
                0x70000000                __ospi_device_1_start__ = .
 *(.ospi_device_1_no_load*)
                0x70000000                . = ALIGN (0x4)
                0x70000000                __ospi_device_1_end__ = .
                0x68000000                __tz_OSPI_DEVICE_0_S = ORIGIN (OSPI_DEVICE_0)

.OSPI_DEVICE_0  0x68000000        0x0
                0x68000000                __ospi_device_0_start__ = .
 *(.ospi_device_0*)
 *(.code_in_ospi_device_0*)
                0x68000000                __ospi_device_0_end__ = .
                0x00000000                __ospi_device_0_code_size__ = (__ospi_device_0_end__ - __ospi_device_0_start__)
                0x000048a4                __ospi_device_0_code_addr__ = (sgstubs_pre_location + SIZEOF (.qspi_non_retentive))

.ospi_device_0_non_retentive
                0x68000000        0x0 load address 0x000048a4
                0x68000000                __ospi_device_0_non_retentive_start__ = .
 *(.ospi_device_0_non_retentive*)
                0x68000000                __ospi_device_0_non_retentive_end__ = .
                0x00000000                __ospi_device_0_non_retentive_size__ = (__ospi_device_0_non_retentive_end__ - __ospi_device_0_non_retentive_start__)
                0x08000000                __ospi_device_0_region_max_size__ = 0x8000000
                0x68000000                __ospi_device_0_region_start_address__ = __ospi_device_0_start__
                0x70000000                __ospi_device_0_region_end_address__ = (__ospi_device_0_start__ + __ospi_device_0_region_max_size__)
                0x68000000                __tz_OSPI_DEVICE_0_N = __ospi_device_0_non_retentive_end__
                0x70000000                __tz_OSPI_DEVICE_1_S = ORIGIN (OSPI_DEVICE_1)

.OSPI_DEVICE_1  0x70000000        0x0
                0x70000000                __ospi_device_1_start__ = .
 *(.ospi_device_1*)
 *(.code_in_ospi_device_1*)
                0x70000000                __ospi_device_1_end__ = .
                0x00000000                __ospi_device_1_code_size__ = (__ospi_device_1_end__ - __ospi_device_1_start__)
                0x000048a4                __ospi_device_1_code_addr__ = (sgstubs_pre_location + (SIZEOF (.qspi_non_retentive) + SIZEOF (.ospi_device_0_non_retentive)))

.ospi_device_1_non_retentive
                0x70000000        0x0 load address 0x000048a4
                0x70000000                __ospi_device_1_non_retentive_start__ = .
 *(.ospi_device_1_non_retentive*)
                0x70000000                __ospi_device_1_non_retentive_end__ = .
                0x00000000                __ospi_device_1_non_retentive_size__ = (__ospi_device_1_non_retentive_end__ - __ospi_device_1_non_retentive_start__)
                0x10000000                __ospi_device_1_region_max_size__ = 0x10000000
                0x70000000                __ospi_device_1_region_start_address__ = __ospi_device_1_start__
                0x80000000                __ospi_device_1_region_end_address__ = (__ospi_device_1_start__ + __ospi_device_1_region_max_size__)
                0x70000000                __tz_OSPI_DEVICE_1_N = __ospi_device_1_non_retentive_end__

.noinit         0x1ffe01d8       0x18
                0x1ffe01d8                . = ALIGN (0x4)
                0x1ffe01d8                __noinit_start = .
 *(.noinit*)
 .noinit        0x1ffe01d8       0x18 ./ra/fsp/src/bsp/mcu/all/bsp_clocks.o
                0x1ffe01f0                . = ALIGN (0x8)
 *(.heap.*)
                0x1ffe01f0                __noinit_end = .

.bss            0x1ffe01f0      0xb04
                0x1ffe01f0                . = ALIGN (0x4)
                0x1ffe01f0                __bss_start__ = .
 *(.bss*)
 .bss           0x1ffe01f0       0x1c c:/renesas/ra/e2studio_v2021-10_fsp_v3.5.0/toolchains/gcc_arm/gcc-arm-none-eabi-10.3-2021.10/bin/../lib/gcc/arm-none-eabi/10.3.1/thumb/v7e-m+fp/hard/crtbegin.o
 .bss._SEGGER_RTT
                0x1ffe020c       0xa8 ./src/SEGGER_RTT/SEGGER_RTT.o
                0x1ffe020c                _SEGGER_RTT
 .bss._acDownBuffer
                0x1ffe02b4       0x10 ./src/SEGGER_RTT/SEGGER_RTT.o
 .bss._acUpBuffer
                0x1ffe02c4      0x800 ./src/SEGGER_RTT/SEGGER_RTT.o
 .bss.data      0x1ffe0ac4        0x1 ./src/hal_entry.o
 .bss.g_master_event
                0x1ffe0ac5        0x1 ./src/hal_entry.o
 *fill*         0x1ffe0ac6        0x2 
 .bss.g_ioport_ctrl
                0x1ffe0ac8        0x8 ./ra_gen/common_data.o
                0x1ffe0ac8                g_ioport_ctrl
 .bss.g_i2c_master_ctrl
                0x1ffe0ad0       0x40 ./ra_gen/hal_data.o
                0x1ffe0ad0                g_i2c_master_ctrl
 .bss.g_bsp_group_irq_sources
                0x1ffe0b10       0x40 ./ra/fsp/src/bsp/mcu/all/bsp_group_irq.o
                0x1ffe0b10                g_bsp_group_irq_sources
 .bss.g_protect_pfswe_counter
                0x1ffe0b50        0x4 ./ra/fsp/src/bsp/mcu/all/bsp_io.o
                0x1ffe0b50                g_protect_pfswe_counter
 .bss.gp_renesas_isr_context
                0x1ffe0b54      0x180 ./ra/fsp/src/bsp/mcu/all/bsp_irq.o
                0x1ffe0b54                gp_renesas_isr_context
 .bss.g_protect_counters
                0x1ffe0cd4        0x8 ./ra/fsp/src/bsp/mcu/all/bsp_register_protection.o
                0x1ffe0cd4                g_protect_counters
 .bss.current_heap_end.0
                0x1ffe0cdc        0x4 ./ra/fsp/src/bsp/mcu/all/bsp_sbrk.o
 .bss.SystemCoreClock
                0x1ffe0ce0        0x4 ./ra/fsp/src/bsp/cmsis/Device/RENESAS/Source/system.o
                0x1ffe0ce0                SystemCoreClock
 .bss.__malloc_free_list
                0x1ffe0ce4        0x4 c:/renesas/ra/e2studio_v2021-10_fsp_v3.5.0/toolchains/gcc_arm/gcc-arm-none-eabi-10.3-2021.10/bin/../lib/gcc/arm-none-eabi/10.3.1/../../../../arm-none-eabi/lib/thumb/v7e-m+fp/hard\libg_nano.a(lib_a-nano-mallocr.o)
                0x1ffe0ce4                __malloc_free_list
 .bss.__malloc_sbrk_start
                0x1ffe0ce8        0x4 c:/renesas/ra/e2studio_v2021-10_fsp_v3.5.0/toolchains/gcc_arm/gcc-arm-none-eabi-10.3-2021.10/bin/../lib/gcc/arm-none-eabi/10.3.1/../../../../arm-none-eabi/lib/thumb/v7e-m+fp/hard\libg_nano.a(lib_a-nano-mallocr.o)
                0x1ffe0ce8                __malloc_sbrk_start
 .bss.errno     0x1ffe0cec        0x4 c:/renesas/ra/e2studio_v2021-10_fsp_v3.5.0/toolchains/gcc_arm/gcc-arm-none-eabi-10.3-2021.10/bin/../lib/gcc/arm-none-eabi/10.3.1/../../../../arm-none-eabi/lib/thumb/v7e-m+fp/hard\libg_nano.a(lib_a-reent.o)
                0x1ffe0cec                errno
 .bss.__lock___malloc_recursive_mutex
                0x1ffe0cf0        0x1 c:/renesas/ra/e2studio_v2021-10_fsp_v3.5.0/toolchains/gcc_arm/gcc-arm-none-eabi-10.3-2021.10/bin/../lib/gcc/arm-none-eabi/10.3.1/../../../../arm-none-eabi/lib/thumb/v7e-m+fp/hard\libg_nano.a(lib_a-lock.o)
                0x1ffe0cf0                __lock___malloc_recursive_mutex
 *(COMMON)
                0x1ffe0cf4                . = ALIGN (0x4)
 *fill*         0x1ffe0cf1        0x3 
                0x1ffe0cf4                __bss_end__ = .

.heap           0x1ffe0cf8      0x400
                0x1ffe0cf8                . = ALIGN (0x8)
                0x1ffe0cf8                __HeapBase = .
 *(.heap)
 .heap          0x1ffe0cf8      0x400 ./ra/fsp/src/bsp/cmsis/Device/RENESAS/Source/startup.o
                0x1ffe10f8                __HeapLimit = .

.stack_dummy    0x1ffe10f8      0x400
                0x1ffe10f8                . = ALIGN (0x8)
                0x1ffe10f8                __StackLimit = .
 *(.stack)
 .stack         0x1ffe10f8      0x400 ./ra/fsp/src/bsp/cmsis/Device/RENESAS/Source/startup.o
                0x1ffe14f8                __StackTop = .
 *(.stack*)
                0x1ffe14f8                __StackTopAll = .
                0x1ffe14f8                PROVIDE (__stack = __StackTopAll)
                0x1ffe14f8                __RAM_segment_used_end__ = ALIGN (__StackTopAll, 0x4)
                0x1ffe1800                __tz_RAM_C = DEFINED (RAM_NSC_START)?ABSOLUTE ((RAM_NSC_START - RAM_NS_BUFFER_BLOCK_LENGTH)):__RESERVE_NS_RAM?ABSOLUTE (RAM_NS_BUFFER_BLOCK_START):ALIGN (__RAM_segment_used_end__, 0x400)
                0x1ffe2000                __tz_RAM_N = DEFINED (RAM_NS_START)?ABSOLUTE ((RAM_NS_START - RAM_NS_BUFFER_BLOCK_LENGTH)):__RESERVE_NS_RAM?ABSOLUTE (RAM_NS_BUFFER_BLOCK_START):ALIGN (__tz_RAM_C, 0x2000)

.ns_buffer      0x1ffe14f8        0x0
                0x1ffe14f8                . = __RESERVE_NS_RAM?ABSOLUTE ((RAM_NS_BUFFER_START & 0xffffffe0)):.
 *(.ns_buffer*)

.data_flash     0x40100000        0x0
                0x40100000                . = ORIGIN (DATA_FLASH)
                0x40100000                __tz_DATA_FLASH_S = .
                0x40100000                __Data_Flash_Start = .
 *(.data_flash*)
                0x40100000                __Data_Flash_End = .
                0x40100000                __tz_DATA_FLASH_N = DEFINED (DATA_FLASH_NS_START)?ABSOLUTE (DATA_FLASH_NS_START):__RESERVE_NS_RAM?ABSOLUTE ((DATA_FLASH_START + DATA_FLASH_LENGTH)):ALIGN (0x400)
                0x90000000                __tz_SDRAM_S = ORIGIN (SDRAM)

.sdram          0x90000000        0x0
                0x90000000                __SDRAM_Start = .
 *(.sdram*)
 *(.frame*)
                0x90000000                __SDRAM_End = .
                0x90000000                __tz_SDRAM_N = __SDRAM_End
                0x0100a150                __tz_ID_CODE_S = ORIGIN (ID_CODE)
                0x0100a150                __tz_ID_CODE_N = __tz_ID_CODE_S

.id_code        0x0100a150       0x10
                0x0100a150                __ID_Code_Start = .
 *(.id_code*)
 .id_code       0x0100a150       0x10 ./ra/fsp/src/bsp/mcu/all/bsp_rom_registers.o
                0x0100a160                __ID_Code_End = .
                0x00000000                __tz_OPTION_SETTING_S = ORIGIN (OPTION_SETTING_OFS)

.rel.dyn        0x0100a160        0x0
 .rel.iplt      0x0100a160        0x0 c:/renesas/ra/e2studio_v2021-10_fsp_v3.5.0/toolchains/gcc_arm/gcc-arm-none-eabi-10.3-2021.10/bin/../lib/gcc/arm-none-eabi/10.3.1/thumb/v7e-m+fp/hard/crtbegin.o

.option_setting_ofs
                0x00000000        0x0
                0x00000000                __OPTION_SETTING_OFS_Start = .
 *(.option_setting_ofs0)
                0x00000000                . = PROJECT_SECURE_OR_FLAT?(__OPTION_SETTING_OFS_Start + 0x4):__OPTION_SETTING_OFS_Start
 *(.option_setting_ofs2)
                0x00000000                . = PROJECT_SECURE_OR_FLAT?(__OPTION_SETTING_OFS_Start + 0x10):__OPTION_SETTING_OFS_Start
 *(.option_setting_dualsel)
                0x00000000                __OPTION_SETTING_OFS_End = .

.option_setting_sas
                0x00000034        0x0
                0x00000034                __OPTION_SETTING_SAS_Start = .
 *(.option_setting_sas)
                0x00000034                __OPTION_SETTING_SAS_End = .
                0x00000080                __tz_OPTION_SETTING_N = ABSOLUTE (OPTION_SETTING_START_NS)

.option_setting_ns
                0x00000000        0x0
                0x00000000                __OPTION_SETTING_NS_Start = .
 *(.option_setting_ofs1)
                0x00000000                . = USE_OPTION_SETTING_NS?(__OPTION_SETTING_NS_Start + 0x4):__OPTION_SETTING_NS_Start
 *(.option_setting_ofs3)
                0x00000000                . = USE_OPTION_SETTING_NS?(__OPTION_SETTING_NS_Start + 0x10):__OPTION_SETTING_NS_Start
 *(.option_setting_banksel)
                0x00000000                . = USE_OPTION_SETTING_NS?(__OPTION_SETTING_NS_Start + 0x40):__OPTION_SETTING_NS_Start
 *(.option_setting_bps0)
                0x00000000                . = USE_OPTION_SETTING_NS?(__OPTION_SETTING_NS_Start + 0x44):__OPTION_SETTING_NS_Start
 *(.option_setting_bps1)
                0x00000000                . = USE_OPTION_SETTING_NS?(__OPTION_SETTING_NS_Start + 0x48):__OPTION_SETTING_NS_Start
 *(.option_setting_bps2)
                0x00000000                . = USE_OPTION_SETTING_NS?(__OPTION_SETTING_NS_Start + 0x4c):__OPTION_SETTING_NS_Start
 *(.option_setting_bps3)
                0x00000000                . = USE_OPTION_SETTING_NS?(__OPTION_SETTING_NS_Start + 0x60):__OPTION_SETTING_NS_Start
 *(.option_setting_pbps0)
                0x00000000                . = USE_OPTION_SETTING_NS?(__OPTION_SETTING_NS_Start + 0x64):__OPTION_SETTING_NS_Start
 *(.option_setting_pbps1)
                0x00000000                . = USE_OPTION_SETTING_NS?(__OPTION_SETTING_NS_Start + 0x68):__OPTION_SETTING_NS_Start
 *(.option_setting_pbps2)
                0x00000000                . = USE_OPTION_SETTING_NS?(__OPTION_SETTING_NS_Start + 0x6c):__OPTION_SETTING_NS_Start
 *(.option_setting_pbps3)
                0x00000000                __OPTION_SETTING_NS_End = .
                0x00000000                __tz_OPTION_SETTING_S_S = ORIGIN (OPTION_SETTING_S)

.option_setting_s
                0x00000000        0x0
                0x00000000                __OPTION_SETTING_S_Start = .
 *(.option_setting_ofs1_sec)
                0x00000000                . = PROJECT_SECURE_OR_FLAT?(__OPTION_SETTING_S_Start + 0x4):__OPTION_SETTING_S_Start
 *(.option_setting_ofs3_sec)
                0x00000000                . = PROJECT_SECURE_OR_FLAT?(__OPTION_SETTING_S_Start + 0x10):__OPTION_SETTING_S_Start
 *(.option_setting_banksel_sec)
                0x00000000                . = PROJECT_SECURE_OR_FLAT?(__OPTION_SETTING_S_Start + 0x40):__OPTION_SETTING_S_Start
 *(.option_setting_bps_sec0)
                0x00000000                . = PROJECT_SECURE_OR_FLAT?(__OPTION_SETTING_S_Start + 0x44):__OPTION_SETTING_S_Start
 *(.option_setting_bps_sec1)
                0x00000000                . = PROJECT_SECURE_OR_FLAT?(__OPTION_SETTING_S_Start + 0x48):__OPTION_SETTING_S_Start
 *(.option_setting_bps_sec2)
                0x00000000                . = PROJECT_SECURE_OR_FLAT?(__OPTION_SETTING_S_Start + 0x4c):__OPTION_SETTING_S_Start
 *(.option_setting_bps_sec3)
                0x00000000                . = PROJECT_SECURE_OR_FLAT?(__OPTION_SETTING_S_Start + 0x60):__OPTION_SETTING_S_Start
 *(.option_setting_pbps_sec0)
                0x00000000                . = PROJECT_SECURE_OR_FLAT?(__OPTION_SETTING_S_Start + 0x64):__OPTION_SETTING_S_Start
 *(.option_setting_pbps_sec1)
                0x00000000                . = PROJECT_SECURE_OR_FLAT?(__OPTION_SETTING_S_Start + 0x68):__OPTION_SETTING_S_Start
 *(.option_setting_pbps_sec2)
                0x00000000                . = PROJECT_SECURE_OR_FLAT?(__OPTION_SETTING_S_Start + 0x6c):__OPTION_SETTING_S_Start
 *(.option_setting_pbps_sec3)
                0x00000000                . = PROJECT_SECURE_OR_FLAT?(__OPTION_SETTING_S_Start + 0x80):__OPTION_SETTING_S_Start
 *(.option_setting_ofs1_sel)
                0x00000000                . = PROJECT_SECURE_OR_FLAT?(__OPTION_SETTING_S_Start + 0x84):__OPTION_SETTING_S_Start
 *(.option_setting_ofs3_sel)
                0x00000000                . = PROJECT_SECURE_OR_FLAT?(__OPTION_SETTING_S_Start + 0x90):__OPTION_SETTING_S_Start
 *(.option_setting_banksel_sel)
                0x00000000                . = PROJECT_SECURE_OR_FLAT?(__OPTION_SETTING_S_Start + 0xc0):__OPTION_SETTING_S_Start
 *(.option_setting_bps_sel0)
                0x00000000                . = PROJECT_SECURE_OR_FLAT?(__OPTION_SETTING_S_Start + 0xc4):__OPTION_SETTING_S_Start
 *(.option_setting_bps_sel1)
                0x00000000                . = PROJECT_SECURE_OR_FLAT?(__OPTION_SETTING_S_Start + 0xc8):__OPTION_SETTING_S_Start
 *(.option_setting_bps_sel2)
                0x00000000                . = PROJECT_SECURE_OR_FLAT?(__OPTION_SETTING_S_Start + 0xcc):__OPTION_SETTING_S_Start
 *(.option_setting_bps_sel3)
                0x00000000                __OPTION_SETTING_S_End = .
                0x00000000                __tz_OPTION_SETTING_S_N = __OPTION_SETTING_S_End
OUTPUT(GY-521.elf elf32-littlearm)
LOAD linker stubs

.ARM.attributes
                0x00000000       0x30
 .ARM.attributes
                0x00000000       0x1e c:/renesas/ra/e2studio_v2021-10_fsp_v3.5.0/toolchains/gcc_arm/gcc-arm-none-eabi-10.3-2021.10/bin/../lib/gcc/arm-none-eabi/10.3.1/thumb/v7e-m+fp/hard/crti.o
 .ARM.attributes
                0x0000001e       0x34 c:/renesas/ra/e2studio_v2021-10_fsp_v3.5.0/toolchains/gcc_arm/gcc-arm-none-eabi-10.3-2021.10/bin/../lib/gcc/arm-none-eabi/10.3.1/thumb/v7e-m+fp/hard/crtbegin.o
 .ARM.attributes
                0x00000052       0x34 ./src/SEGGER_RTT/SEGGER_RTT.o
 .ARM.attributes
                0x00000086       0x34 ./src/SEGGER_RTT/SEGGER_RTT_printf.o
 .ARM.attributes
                0x000000ba       0x34 ./src/hal_entry.o
 .ARM.attributes
                0x000000ee       0x34 ./ra_gen/common_data.o
 .ARM.attributes
                0x00000122       0x34 ./ra_gen/hal_data.o
 .ARM.attributes
                0x00000156       0x34 ./ra_gen/main.o
 .ARM.attributes
                0x0000018a       0x34 ./ra_gen/pin_data.o
 .ARM.attributes
                0x000001be       0x34 ./ra_gen/vector_data.o
 .ARM.attributes
                0x000001f2       0x34 ./ra/fsp/src/r_ioport/r_ioport.o
 .ARM.attributes
                0x00000226       0x34 ./ra/fsp/src/r_iic_master/r_iic_master.o
 .ARM.attributes
                0x0000025a       0x34 ./ra/fsp/src/bsp/mcu/all/bsp_clocks.o
 .ARM.attributes
                0x0000028e       0x34 ./ra/fsp/src/bsp/mcu/all/bsp_common.o
 .ARM.attributes
                0x000002c2       0x34 ./ra/fsp/src/bsp/mcu/all/bsp_group_irq.o
 .ARM.attributes
                0x000002f6       0x34 ./ra/fsp/src/bsp/mcu/all/bsp_io.o
 .ARM.attributes
                0x0000032a       0x34 ./ra/fsp/src/bsp/mcu/all/bsp_irq.o
 .ARM.attributes
                0x0000035e       0x34 ./ra/fsp/src/bsp/mcu/all/bsp_register_protection.o
 .ARM.attributes
                0x00000392       0x34 ./ra/fsp/src/bsp/mcu/all/bsp_rom_registers.o
 .ARM.attributes
                0x000003c6       0x34 ./ra/fsp/src/bsp/mcu/all/bsp_sbrk.o
 .ARM.attributes
                0x000003fa       0x34 ./ra/fsp/src/bsp/cmsis/Device/RENESAS/Source/startup.o
 .ARM.attributes
                0x0000042e       0x34 ./ra/fsp/src/bsp/cmsis/Device/RENESAS/Source/system.o
 .ARM.attributes
                0x00000462       0x34 ./ra/board/ra6m3_ek/board_init.o
 .ARM.attributes
                0x00000496       0x34 c:/renesas/ra/e2studio_v2021-10_fsp_v3.5.0/toolchains/gcc_arm/gcc-arm-none-eabi-10.3-2021.10/bin/../lib/gcc/arm-none-eabi/10.3.1/../../../../arm-none-eabi/lib/thumb/v7e-m+fp/hard\libg_nano.a(lib_a-errno.o)
 .ARM.attributes
                0x000004ca       0x34 c:/renesas/ra/e2studio_v2021-10_fsp_v3.5.0/toolchains/gcc_arm/gcc-arm-none-eabi-10.3-2021.10/bin/../lib/gcc/arm-none-eabi/10.3.1/../../../../arm-none-eabi/lib/thumb/v7e-m+fp/hard\libg_nano.a(lib_a-impure.o)
 .ARM.attributes
                0x000004fe       0x34 c:/renesas/ra/e2studio_v2021-10_fsp_v3.5.0/toolchains/gcc_arm/gcc-arm-none-eabi-10.3-2021.10/bin/../lib/gcc/arm-none-eabi/10.3.1/../../../../arm-none-eabi/lib/thumb/v7e-m+fp/hard\libg_nano.a(lib_a-memcpy-stub.o)
 .ARM.attributes
                0x00000532       0x34 c:/renesas/ra/e2studio_v2021-10_fsp_v3.5.0/toolchains/gcc_arm/gcc-arm-none-eabi-10.3-2021.10/bin/../lib/gcc/arm-none-eabi/10.3.1/../../../../arm-none-eabi/lib/thumb/v7e-m+fp/hard\libg_nano.a(lib_a-memset.o)
 .ARM.attributes
                0x00000566       0x34 c:/renesas/ra/e2studio_v2021-10_fsp_v3.5.0/toolchains/gcc_arm/gcc-arm-none-eabi-10.3-2021.10/bin/../lib/gcc/arm-none-eabi/10.3.1/../../../../arm-none-eabi/lib/thumb/v7e-m+fp/hard\libg_nano.a(lib_a-nano-vfprintf_float.o)
 .ARM.attributes
                0x0000059a       0x34 c:/renesas/ra/e2studio_v2021-10_fsp_v3.5.0/toolchains/gcc_arm/gcc-arm-none-eabi-10.3-2021.10/bin/../lib/gcc/arm-none-eabi/10.3.1/../../../../arm-none-eabi/lib/thumb/v7e-m+fp/hard\libg_nano.a(lib_a-nano-vfprintf_i.o)
 .ARM.attributes
                0x000005ce       0x17 c:/renesas/ra/e2studio_v2021-10_fsp_v3.5.0/toolchains/gcc_arm/gcc-arm-none-eabi-10.3-2021.10/bin/../lib/gcc/arm-none-eabi/10.3.1/../../../../arm-none-eabi/lib/thumb/v7e-m+fp/hard\libg_nano.a(lib_a-strlen.o)
 .ARM.attributes
                0x000005e5       0x34 c:/renesas/ra/e2studio_v2021-10_fsp_v3.5.0/toolchains/gcc_arm/gcc-arm-none-eabi-10.3-2021.10/bin/../lib/gcc/arm-none-eabi/10.3.1/../../../../arm-none-eabi/lib/thumb/v7e-m+fp/hard\libg_nano.a(lib_a-dtoa.o)
 .ARM.attributes
                0x00000619       0x34 c:/renesas/ra/e2studio_v2021-10_fsp_v3.5.0/toolchains/gcc_arm/gcc-arm-none-eabi-10.3-2021.10/bin/../lib/gcc/arm-none-eabi/10.3.1/../../../../arm-none-eabi/lib/thumb/v7e-m+fp/hard\libg_nano.a(lib_a-localeconv.o)
 .ARM.attributes
                0x0000064d       0x34 c:/renesas/ra/e2studio_v2021-10_fsp_v3.5.0/toolchains/gcc_arm/gcc-arm-none-eabi-10.3-2021.10/bin/../lib/gcc/arm-none-eabi/10.3.1/../../../../arm-none-eabi/lib/thumb/v7e-m+fp/hard\libg_nano.a(lib_a-malloc.o)
 .ARM.attributes
                0x00000681       0x34 c:/renesas/ra/e2studio_v2021-10_fsp_v3.5.0/toolchains/gcc_arm/gcc-arm-none-eabi-10.3-2021.10/bin/../lib/gcc/arm-none-eabi/10.3.1/../../../../arm-none-eabi/lib/thumb/v7e-m+fp/hard\libg_nano.a(lib_a-mprec.o)
 .ARM.attributes
                0x000006b5       0x34 c:/renesas/ra/e2studio_v2021-10_fsp_v3.5.0/toolchains/gcc_arm/gcc-arm-none-eabi-10.3-2021.10/bin/../lib/gcc/arm-none-eabi/10.3.1/../../../../arm-none-eabi/lib/thumb/v7e-m+fp/hard\libg_nano.a(lib_a-nano-callocr.o)
 .ARM.attributes
                0x000006e9       0x34 c:/renesas/ra/e2studio_v2021-10_fsp_v3.5.0/toolchains/gcc_arm/gcc-arm-none-eabi-10.3-2021.10/bin/../lib/gcc/arm-none-eabi/10.3.1/../../../../arm-none-eabi/lib/thumb/v7e-m+fp/hard\libg_nano.a(lib_a-nano-mallocr.o)
 .ARM.attributes
                0x0000071d       0x34 c:/renesas/ra/e2studio_v2021-10_fsp_v3.5.0/toolchains/gcc_arm/gcc-arm-none-eabi-10.3-2021.10/bin/../lib/gcc/arm-none-eabi/10.3.1/../../../../arm-none-eabi/lib/thumb/v7e-m+fp/hard\libg_nano.a(lib_a-sbrkr.o)
 .ARM.attributes
                0x00000751       0x34 c:/renesas/ra/e2studio_v2021-10_fsp_v3.5.0/toolchains/gcc_arm/gcc-arm-none-eabi-10.3-2021.10/bin/../lib/gcc/arm-none-eabi/10.3.1/../../../../arm-none-eabi/lib/thumb/v7e-m+fp/hard\libg_nano.a(lib_a-locale.o)
 .ARM.attributes
                0x00000785       0x34 c:/renesas/ra/e2studio_v2021-10_fsp_v3.5.0/toolchains/gcc_arm/gcc-arm-none-eabi-10.3-2021.10/bin/../lib/gcc/arm-none-eabi/10.3.1/../../../../arm-none-eabi/lib/thumb/v7e-m+fp/hard\libg_nano.a(lib_a-mbtowc_r.o)
 .ARM.attributes
                0x000007b9       0x34 c:/renesas/ra/e2studio_v2021-10_fsp_v3.5.0/toolchains/gcc_arm/gcc-arm-none-eabi-10.3-2021.10/bin/../lib/gcc/arm-none-eabi/10.3.1/../../../../arm-none-eabi/lib/thumb/v7e-m+fp/hard\libg_nano.a(lib_a-mlock.o)
 .ARM.attributes
                0x000007ed       0x34 c:/renesas/ra/e2studio_v2021-10_fsp_v3.5.0/toolchains/gcc_arm/gcc-arm-none-eabi-10.3-2021.10/bin/../lib/gcc/arm-none-eabi/10.3.1/../../../../arm-none-eabi/lib/thumb/v7e-m+fp/hard\libg_nano.a(lib_a-reent.o)
 .ARM.attributes
                0x00000821       0x34 c:/renesas/ra/e2studio_v2021-10_fsp_v3.5.0/toolchains/gcc_arm/gcc-arm-none-eabi-10.3-2021.10/bin/../lib/gcc/arm-none-eabi/10.3.1/../../../../arm-none-eabi/lib/thumb/v7e-m+fp/hard\libg_nano.a(lib_a-wctomb_r.o)
 .ARM.attributes
                0x00000855       0x34 c:/renesas/ra/e2studio_v2021-10_fsp_v3.5.0/toolchains/gcc_arm/gcc-arm-none-eabi-10.3-2021.10/bin/../lib/gcc/arm-none-eabi/10.3.1/../../../../arm-none-eabi/lib/thumb/v7e-m+fp/hard\libg_nano.a(lib_a-ctype_.o)
 .ARM.attributes
                0x00000889       0x34 c:/renesas/ra/e2studio_v2021-10_fsp_v3.5.0/toolchains/gcc_arm/gcc-arm-none-eabi-10.3-2021.10/bin/../lib/gcc/arm-none-eabi/10.3.1/../../../../arm-none-eabi/lib/thumb/v7e-m+fp/hard\libg_nano.a(lib_a-lock.o)
 .ARM.attributes
                0x000008bd       0x1e c:/renesas/ra/e2studio_v2021-10_fsp_v3.5.0/toolchains/gcc_arm/gcc-arm-none-eabi-10.3-2021.10/bin/../lib/gcc/arm-none-eabi/10.3.1/thumb/v7e-m+fp/hard\libgcc.a(_arm_addsubdf3.o)
 .ARM.attributes
                0x000008db       0x1e c:/renesas/ra/e2studio_v2021-10_fsp_v3.5.0/toolchains/gcc_arm/gcc-arm-none-eabi-10.3-2021.10/bin/../lib/gcc/arm-none-eabi/10.3.1/thumb/v7e-m+fp/hard\libgcc.a(_arm_muldivdf3.o)
 .ARM.attributes
                0x000008f9       0x1e c:/renesas/ra/e2studio_v2021-10_fsp_v3.5.0/toolchains/gcc_arm/gcc-arm-none-eabi-10.3-2021.10/bin/../lib/gcc/arm-none-eabi/10.3.1/thumb/v7e-m+fp/hard\libgcc.a(_arm_cmpdf2.o)
 .ARM.attributes
                0x00000917       0x1e c:/renesas/ra/e2studio_v2021-10_fsp_v3.5.0/toolchains/gcc_arm/gcc-arm-none-eabi-10.3-2021.10/bin/../lib/gcc/arm-none-eabi/10.3.1/thumb/v7e-m+fp/hard\libgcc.a(_arm_unorddf2.o)
 .ARM.attributes
                0x00000935       0x1e c:/renesas/ra/e2studio_v2021-10_fsp_v3.5.0/toolchains/gcc_arm/gcc-arm-none-eabi-10.3-2021.10/bin/../lib/gcc/arm-none-eabi/10.3.1/thumb/v7e-m+fp/hard\libgcc.a(_arm_fixdfsi.o)
 .ARM.attributes
                0x00000953       0x34 c:/renesas/ra/e2studio_v2021-10_fsp_v3.5.0/toolchains/gcc_arm/gcc-arm-none-eabi-10.3-2021.10/bin/../lib/gcc/arm-none-eabi/10.3.1/../../../../arm-none-eabi/lib/thumb/v7e-m+fp/hard\libc_nano.a(lib_a-findfp.o)
 .ARM.attributes
                0x00000987       0x34 c:/renesas/ra/e2studio_v2021-10_fsp_v3.5.0/toolchains/gcc_arm/gcc-arm-none-eabi-10.3-2021.10/bin/../lib/gcc/arm-none-eabi/10.3.1/thumb/v7e-m+fp/hard/crtend.o
 .ARM.attributes
                0x000009bb       0x1e c:/renesas/ra/e2studio_v2021-10_fsp_v3.5.0/toolchains/gcc_arm/gcc-arm-none-eabi-10.3-2021.10/bin/../lib/gcc/arm-none-eabi/10.3.1/thumb/v7e-m+fp/hard/crtn.o

.comment        0x00000000       0x49
 .comment       0x00000000       0x49 ./src/SEGGER_RTT/SEGGER_RTT.o
                                 0x4a (size before relaxing)
 .comment       0x00000049       0x4a ./src/SEGGER_RTT/SEGGER_RTT_printf.o
 .comment       0x00000049       0x4a ./src/hal_entry.o
 .comment       0x00000049       0x4a ./ra_gen/common_data.o
 .comment       0x00000049       0x4a ./ra_gen/hal_data.o
 .comment       0x00000049       0x4a ./ra_gen/main.o
 .comment       0x00000049       0x4a ./ra_gen/pin_data.o
 .comment       0x00000049       0x4a ./ra_gen/vector_data.o
 .comment       0x00000049       0x4a ./ra/fsp/src/r_ioport/r_ioport.o
 .comment       0x00000049       0x4a ./ra/fsp/src/r_iic_master/r_iic_master.o
 .comment       0x00000049       0x4a ./ra/fsp/src/bsp/mcu/all/bsp_clocks.o
 .comment       0x00000049       0x4a ./ra/fsp/src/bsp/mcu/all/bsp_common.o
 .comment       0x00000049       0x4a ./ra/fsp/src/bsp/mcu/all/bsp_group_irq.o
 .comment       0x00000049       0x4a ./ra/fsp/src/bsp/mcu/all/bsp_io.o
 .comment       0x00000049       0x4a ./ra/fsp/src/bsp/mcu/all/bsp_irq.o
 .comment       0x00000049       0x4a ./ra/fsp/src/bsp/mcu/all/bsp_register_protection.o
 .comment       0x00000049       0x4a ./ra/fsp/src/bsp/mcu/all/bsp_rom_registers.o
 .comment       0x00000049       0x4a ./ra/fsp/src/bsp/mcu/all/bsp_sbrk.o
 .comment       0x00000049       0x4a ./ra/fsp/src/bsp/cmsis/Device/RENESAS/Source/startup.o
 .comment       0x00000049       0x4a ./ra/fsp/src/bsp/cmsis/Device/RENESAS/Source/system.o
 .comment       0x00000049       0x4a ./ra/board/ra6m3_ek/board_init.o

.debug_info     0x00000000    0x246f1
 .debug_info    0x00000000     0x22e5 ./src/SEGGER_RTT/SEGGER_RTT.o
 .debug_info    0x000022e5      0x69e ./src/SEGGER_RTT/SEGGER_RTT_printf.o
 .debug_info    0x00002983     0x2241 ./src/hal_entry.o
 .debug_info    0x00004bc4     0x1233 ./ra_gen/common_data.o
 .debug_info    0x00005df7     0x1c80 ./ra_gen/hal_data.o
 .debug_info    0x00007a77       0xb5 ./ra_gen/main.o
 .debug_info    0x00007b2c      0x9e5 ./ra_gen/pin_data.o
 .debug_info    0x00008511      0xa01 ./ra_gen/vector_data.o
 .debug_info    0x00008f12     0x70ba ./ra/fsp/src/r_ioport/r_ioport.o
 .debug_info    0x0000ffcc     0x8190 ./ra/fsp/src/r_iic_master/r_iic_master.o
 .debug_info    0x0001815c     0x4413 ./ra/fsp/src/bsp/mcu/all/bsp_clocks.o
 .debug_info    0x0001c56f      0x8a7 ./ra/fsp/src/bsp/mcu/all/bsp_common.o
 .debug_info    0x0001ce16     0x1374 ./ra/fsp/src/bsp/mcu/all/bsp_group_irq.o
 .debug_info    0x0001e18a       0xae ./ra/fsp/src/bsp/mcu/all/bsp_io.o
 .debug_info    0x0001e238     0x1536 ./ra/fsp/src/bsp/mcu/all/bsp_irq.o
 .debug_info    0x0001f76e     0x39ea ./ra/fsp/src/bsp/mcu/all/bsp_register_protection.o
 .debug_info    0x00023158       0xe1 ./ra/fsp/src/bsp/mcu/all/bsp_rom_registers.o
 .debug_info    0x00023239      0x146 ./ra/fsp/src/bsp/mcu/all/bsp_sbrk.o
 .debug_info    0x0002337f      0x15f ./ra/fsp/src/bsp/cmsis/Device/RENESAS/Source/startup.o
 .debug_info    0x000234de     0x1172 ./ra/fsp/src/bsp/cmsis/Device/RENESAS/Source/system.o
 .debug_info    0x00024650       0xa1 ./ra/board/ra6m3_ek/board_init.o

.debug_abbrev   0x00000000     0x29aa
 .debug_abbrev  0x00000000      0x376 ./src/SEGGER_RTT/SEGGER_RTT.o
 .debug_abbrev  0x00000376      0x28a ./src/SEGGER_RTT/SEGGER_RTT_printf.o
 .debug_abbrev  0x00000600      0x2d9 ./src/hal_entry.o
 .debug_abbrev  0x000008d9      0x153 ./ra_gen/common_data.o
 .debug_abbrev  0x00000a2c      0x28e ./ra_gen/hal_data.o
 .debug_abbrev  0x00000cba       0x69 ./ra_gen/main.o
 .debug_abbrev  0x00000d23       0xdf ./ra_gen/pin_data.o
 .debug_abbrev  0x00000e02       0xaa ./ra_gen/vector_data.o
 .debug_abbrev  0x00000eac      0x44c ./ra/fsp/src/r_ioport/r_ioport.o
 .debug_abbrev  0x000012f8      0x5df ./ra/fsp/src/r_iic_master/r_iic_master.o
 .debug_abbrev  0x000018d7      0x385 ./ra/fsp/src/bsp/mcu/all/bsp_clocks.o
 .debug_abbrev  0x00001c5c      0x17a ./ra/fsp/src/bsp/mcu/all/bsp_common.o
 .debug_abbrev  0x00001dd6      0x257 ./ra/fsp/src/bsp/mcu/all/bsp_group_irq.o
 .debug_abbrev  0x0000202d       0x61 ./ra/fsp/src/bsp/mcu/all/bsp_io.o
 .debug_abbrev  0x0000208e      0x1b0 ./ra/fsp/src/bsp/mcu/all/bsp_irq.o
 .debug_abbrev  0x0000223e      0x27a ./ra/fsp/src/bsp/mcu/all/bsp_register_protection.o
 .debug_abbrev  0x000024b8       0x62 ./ra/fsp/src/bsp/mcu/all/bsp_rom_registers.o
 .debug_abbrev  0x0000251a       0xcf ./ra/fsp/src/bsp/mcu/all/bsp_sbrk.o
 .debug_abbrev  0x000025e9       0xe9 ./ra/fsp/src/bsp/cmsis/Device/RENESAS/Source/startup.o
 .debug_abbrev  0x000026d2      0x279 ./ra/fsp/src/bsp/cmsis/Device/RENESAS/Source/system.o
 .debug_abbrev  0x0000294b       0x5f ./ra/board/ra6m3_ek/board_init.o

.debug_loc      0x00000000     0x78fc
 .debug_loc     0x00000000     0x2afd ./src/SEGGER_RTT/SEGGER_RTT.o
 .debug_loc     0x00002afd      0x8df ./src/SEGGER_RTT/SEGGER_RTT_printf.o
 .debug_loc     0x000033dc       0x25 ./src/hal_entry.o
 .debug_loc     0x00003401     0x1bf8 ./ra/fsp/src/r_ioport/r_ioport.o
 .debug_loc     0x00004ff9     0x2193 ./ra/fsp/src/r_iic_master/r_iic_master.o
 .debug_loc     0x0000718c      0x3cb ./ra/fsp/src/bsp/mcu/all/bsp_clocks.o
 .debug_loc     0x00007557       0x42 ./ra/fsp/src/bsp/mcu/all/bsp_common.o
 .debug_loc     0x00007599       0xc7 ./ra/fsp/src/bsp/mcu/all/bsp_group_irq.o
 .debug_loc     0x00007660       0x3f ./ra/fsp/src/bsp/mcu/all/bsp_irq.o
 .debug_loc     0x0000769f      0x105 ./ra/fsp/src/bsp/mcu/all/bsp_register_protection.o
 .debug_loc     0x000077a4       0xf3 ./ra/fsp/src/bsp/mcu/all/bsp_sbrk.o
 .debug_loc     0x00007897       0x65 ./ra/fsp/src/bsp/cmsis/Device/RENESAS/Source/system.o

.debug_aranges  0x00000000      0x508
 .debug_aranges
                0x00000000      0x128 ./src/SEGGER_RTT/SEGGER_RTT.o
 .debug_aranges
                0x00000128       0x38 ./src/SEGGER_RTT/SEGGER_RTT_printf.o
 .debug_aranges
                0x00000160       0x30 ./src/hal_entry.o
 .debug_aranges
                0x00000190       0x20 ./ra_gen/common_data.o
 .debug_aranges
                0x000001b0       0x20 ./ra_gen/hal_data.o
 .debug_aranges
                0x000001d0       0x20 ./ra_gen/main.o
 .debug_aranges
                0x000001f0       0x18 ./ra_gen/pin_data.o
 .debug_aranges
                0x00000208       0x18 ./ra_gen/vector_data.o
 .debug_aranges
                0x00000220       0x98 ./ra/fsp/src/r_ioport/r_ioport.o
 .debug_aranges
                0x000002b8       0x90 ./ra/fsp/src/r_iic_master/r_iic_master.o
 .debug_aranges
                0x00000348       0x60 ./ra/fsp/src/bsp/mcu/all/bsp_clocks.o
 .debug_aranges
                0x000003a8       0x30 ./ra/fsp/src/bsp/mcu/all/bsp_common.o
 .debug_aranges
                0x000003d8       0x28 ./ra/fsp/src/bsp/mcu/all/bsp_group_irq.o
 .debug_aranges
                0x00000400       0x18 ./ra/fsp/src/bsp/mcu/all/bsp_io.o
 .debug_aranges
                0x00000418       0x20 ./ra/fsp/src/bsp/mcu/all/bsp_irq.o
 .debug_aranges
                0x00000438       0x28 ./ra/fsp/src/bsp/mcu/all/bsp_register_protection.o
 .debug_aranges
                0x00000460       0x18 ./ra/fsp/src/bsp/mcu/all/bsp_rom_registers.o
 .debug_aranges
                0x00000478       0x20 ./ra/fsp/src/bsp/mcu/all/bsp_sbrk.o
 .debug_aranges
                0x00000498       0x28 ./ra/fsp/src/bsp/cmsis/Device/RENESAS/Source/startup.o
 .debug_aranges
                0x000004c0       0x28 ./ra/fsp/src/bsp/cmsis/Device/RENESAS/Source/system.o
 .debug_aranges
                0x000004e8       0x20 ./ra/board/ra6m3_ek/board_init.o

.debug_ranges   0x00000000     0x1248
 .debug_ranges  0x00000000      0x4f0 ./src/SEGGER_RTT/SEGGER_RTT.o
 .debug_ranges  0x000004f0       0x70 ./src/SEGGER_RTT/SEGGER_RTT_printf.o
 .debug_ranges  0x00000560       0x20 ./src/hal_entry.o
 .debug_ranges  0x00000580       0x10 ./ra_gen/common_data.o
 .debug_ranges  0x00000590       0x10 ./ra_gen/hal_data.o
 .debug_ranges  0x000005a0       0x10 ./ra_gen/main.o
 .debug_ranges  0x000005b0      0x260 ./ra/fsp/src/r_ioport/r_ioport.o
 .debug_ranges  0x00000810      0x788 ./ra/fsp/src/r_iic_master/r_iic_master.o
 .debug_ranges  0x00000f98      0x180 ./ra/fsp/src/bsp/mcu/all/bsp_clocks.o
 .debug_ranges  0x00001118       0x20 ./ra/fsp/src/bsp/mcu/all/bsp_common.o
 .debug_ranges  0x00001138       0x50 ./ra/fsp/src/bsp/mcu/all/bsp_group_irq.o
 .debug_ranges  0x00001188       0x28 ./ra/fsp/src/bsp/mcu/all/bsp_irq.o
 .debug_ranges  0x000011b0       0x48 ./ra/fsp/src/bsp/mcu/all/bsp_register_protection.o
 .debug_ranges  0x000011f8       0x10 ./ra/fsp/src/bsp/mcu/all/bsp_sbrk.o
 .debug_ranges  0x00001208       0x18 ./ra/fsp/src/bsp/cmsis/Device/RENESAS/Source/startup.o
 .debug_ranges  0x00001220       0x18 ./ra/fsp/src/bsp/cmsis/Device/RENESAS/Source/system.o
 .debug_ranges  0x00001238       0x10 ./ra/board/ra6m3_ek/board_init.o

.debug_macro    0x00000000    0x20f9e
 .debug_macro   0x00000000      0x18c ./src/SEGGER_RTT/SEGGER_RTT.o
 .debug_macro   0x0000018c      0xa66 ./src/SEGGER_RTT/SEGGER_RTT.o
 .debug_macro   0x00000bf2       0x49 ./src/SEGGER_RTT/SEGGER_RTT.o
 .debug_macro   0x00000c3b       0x35 ./src/SEGGER_RTT/SEGGER_RTT.o
 .debug_macro   0x00000c70       0x1e ./src/SEGGER_RTT/SEGGER_RTT.o
 .debug_macro   0x00000c8e       0x22 ./src/SEGGER_RTT/SEGGER_RTT.o
 .debug_macro   0x00000cb0       0x5e ./src/SEGGER_RTT/SEGGER_RTT.o
 .debug_macro   0x00000d0e       0x5c ./src/SEGGER_RTT/SEGGER_RTT.o
 .debug_macro   0x00000d6a       0x35 ./src/SEGGER_RTT/SEGGER_RTT.o
 .debug_macro   0x00000d9f       0x34 ./src/SEGGER_RTT/SEGGER_RTT.o
 .debug_macro   0x00000dd3       0x16 ./src/SEGGER_RTT/SEGGER_RTT.o
 .debug_macro   0x00000de9      0x10e ./src/SEGGER_RTT/SEGGER_RTT.o
 .debug_macro   0x00000ef7       0x86 ./src/SEGGER_RTT/SEGGER_RTT.o
 .debug_macro   0x00000f7d       0x16 ./src/SEGGER_RTT/SEGGER_RTT.o
 .debug_macro   0x00000f93       0x43 ./src/SEGGER_RTT/SEGGER_RTT.o
 .debug_macro   0x00000fd6       0x57 ./src/SEGGER_RTT/SEGGER_RTT.o
 .debug_macro   0x0000102d       0x34 ./src/SEGGER_RTT/SEGGER_RTT.o
 .debug_macro   0x00001061       0x10 ./src/SEGGER_RTT/SEGGER_RTT.o
 .debug_macro   0x00001071       0x58 ./src/SEGGER_RTT/SEGGER_RTT.o
 .debug_macro   0x000010c9      0x182 ./src/SEGGER_RTT/SEGGER_RTT.o
 .debug_macro   0x0000124b      0x35d ./src/SEGGER_RTT/SEGGER_RTT.o
 .debug_macro   0x000015a8       0x22 ./src/SEGGER_RTT/SEGGER_RTT.o
 .debug_macro   0x000015ca       0x58 ./src/SEGGER_RTT/SEGGER_RTT.o
 .debug_macro   0x00001622      0x138 ./src/SEGGER_RTT/SEGGER_RTT.o
 .debug_macro   0x0000175a       0x16 ./src/SEGGER_RTT/SEGGER_RTT.o
 .debug_macro   0x00001770       0x35 ./src/SEGGER_RTT/SEGGER_RTT.o
 .debug_macro   0x000017a5      0x12b ./src/SEGGER_RTT/SEGGER_RTT_printf.o
 .debug_macro   0x000018d0      0x422 ./src/hal_entry.o
 .debug_macro   0x00001cf2       0x16 ./src/hal_entry.o
 .debug_macro   0x00001d08       0x97 ./src/hal_entry.o
 .debug_macro   0x00001d9f       0xf6 ./src/hal_entry.o
 .debug_macro   0x00001e95       0x10 ./src/hal_entry.o
 .debug_macro   0x00001ea5       0x10 ./src/hal_entry.o
 .debug_macro   0x00001eb5       0x6a ./src/hal_entry.o
 .debug_macro   0x00001f1f       0xb2 ./src/hal_entry.o
 .debug_macro   0x00001fd1       0x16 ./src/hal_entry.o
 .debug_macro   0x00001fe7      0x129 ./src/hal_entry.o
 .debug_macro   0x00002110      0x103 ./src/hal_entry.o
 .debug_macro   0x00002213      0x1df ./src/hal_entry.o
 .debug_macro   0x000023f2       0x16 ./src/hal_entry.o
 .debug_macro   0x00002408       0x28 ./src/hal_entry.o
 .debug_macro   0x00002430       0x28 ./src/hal_entry.o
 .debug_macro   0x00002458       0x82 ./src/hal_entry.o
 .debug_macro   0x000024da       0x2e ./src/hal_entry.o
 .debug_macro   0x00002508       0x10 ./src/hal_entry.o
 .debug_macro   0x00002518      0x65e ./src/hal_entry.o
 .debug_macro   0x00002b76       0xf4 ./src/hal_entry.o
 .debug_macro   0x00002c6a       0x16 ./src/hal_entry.o
 .debug_macro   0x00002c80       0x76 ./src/hal_entry.o
 .debug_macro   0x00002cf6       0x40 ./src/hal_entry.o
 .debug_macro   0x00002d36       0xfb ./src/hal_entry.o
 .debug_macro   0x00002e31       0x22 ./src/hal_entry.o
 .debug_macro   0x00002e53       0x1c ./src/hal_entry.o
 .debug_macro   0x00002e6f       0x22 ./src/hal_entry.o
 .debug_macro   0x00002e91     0x1011 ./src/hal_entry.o
 .debug_macro   0x00003ea2      0x11f ./src/hal_entry.o
 .debug_macro   0x00003fc1      0x718 ./src/hal_entry.o
 .debug_macro   0x000046d9    0x17d84 ./src/hal_entry.o
 .debug_macro   0x0001c45d       0x22 ./src/hal_entry.o
 .debug_macro   0x0001c47f       0x10 ./src/hal_entry.o
 .debug_macro   0x0001c48f       0x76 ./src/hal_entry.o
 .debug_macro   0x0001c505       0x95 ./src/hal_entry.o
 .debug_macro   0x0001c59a       0x10 ./src/hal_entry.o
 .debug_macro   0x0001c5aa       0x2e ./src/hal_entry.o
 .debug_macro   0x0001c5d8      0x354 ./src/hal_entry.o
 .debug_macro   0x0001c92c      0x261 ./src/hal_entry.o
 .debug_macro   0x0001cb8d       0x16 ./src/hal_entry.o
 .debug_macro   0x0001cba3       0x10 ./src/hal_entry.o
 .debug_macro   0x0001cbb3       0x1c ./src/hal_entry.o
 .debug_macro   0x0001cbcf       0x34 ./src/hal_entry.o
 .debug_macro   0x0001cc03       0x52 ./src/hal_entry.o
 .debug_macro   0x0001cc55       0x52 ./src/hal_entry.o
 .debug_macro   0x0001cca7      0x337 ./ra_gen/common_data.o
 .debug_macro   0x0001cfde       0x56 ./ra_gen/common_data.o
 .debug_macro   0x0001d034       0x51 ./ra_gen/common_data.o
 .debug_macro   0x0001d085       0x64 ./ra_gen/common_data.o
 .debug_macro   0x0001d0e9      0x16d ./ra_gen/common_data.o
 .debug_macro   0x0001d256       0x10 ./ra_gen/common_data.o
 .debug_macro   0x0001d266      0x373 ./ra_gen/hal_data.o
 .debug_macro   0x0001d5d9      0x367 ./ra_gen/main.o
 .debug_macro   0x0001d940      0x30a ./ra_gen/pin_data.o
 .debug_macro   0x0001dc4a      0x2f6 ./ra_gen/vector_data.o
 .debug_macro   0x0001df40      0x38f ./ra/fsp/src/r_ioport/r_ioport.o
 .debug_macro   0x0001e2cf      0x3e6 ./ra/fsp/src/r_iic_master/r_iic_master.o
 .debug_macro   0x0001e6b5      0x446 ./ra/fsp/src/bsp/mcu/all/bsp_clocks.o
 .debug_macro   0x0001eafb      0x34e ./ra/fsp/src/bsp/mcu/all/bsp_clocks.o
 .debug_macro   0x0001ee49      0x308 ./ra/fsp/src/bsp/mcu/all/bsp_common.o
 .debug_macro   0x0001f151      0x2fc ./ra/fsp/src/bsp/mcu/all/bsp_group_irq.o
 .debug_macro   0x0001f44d      0x2f6 ./ra/fsp/src/bsp/mcu/all/bsp_io.o
 .debug_macro   0x0001f743      0x302 ./ra/fsp/src/bsp/mcu/all/bsp_irq.o
 .debug_macro   0x0001fa45      0x2fc ./ra/fsp/src/bsp/mcu/all/bsp_register_protection.o
 .debug_macro   0x0001fd41      0x308 ./ra/fsp/src/bsp/mcu/all/bsp_rom_registers.o
 .debug_macro   0x00020049      0x328 ./ra/fsp/src/bsp/mcu/all/bsp_sbrk.o
 .debug_macro   0x00020371       0xbe ./ra/fsp/src/bsp/mcu/all/bsp_sbrk.o
 .debug_macro   0x0002042f       0x10 ./ra/fsp/src/bsp/mcu/all/bsp_sbrk.o
 .debug_macro   0x0002043f      0x241 ./ra/fsp/src/bsp/mcu/all/bsp_sbrk.o
 .debug_macro   0x00020680      0x302 ./ra/fsp/src/bsp/cmsis/Device/RENESAS/Source/startup.o
 .debug_macro   0x00020982      0x326 ./ra/fsp/src/bsp/cmsis/Device/RENESAS/Source/system.o
 .debug_macro   0x00020ca8      0x2f6 ./ra/board/ra6m3_ek/board_init.o

.debug_line     0x00000000     0xfb04
 .debug_line    0x00000000     0x1a83 ./src/SEGGER_RTT/SEGGER_RTT.o
 .debug_line    0x00001a83      0x948 ./src/SEGGER_RTT/SEGGER_RTT_printf.o
 .debug_line    0x000023cb      0xb4d ./src/hal_entry.o
 .debug_line    0x00002f18      0x982 ./ra_gen/common_data.o
 .debug_line    0x0000389a      0x9e3 ./ra_gen/hal_data.o
 .debug_line    0x0000427d      0x9ea ./ra_gen/main.o
 .debug_line    0x00004c67      0x89d ./ra_gen/pin_data.o
 .debug_line    0x00005504      0x88e ./ra_gen/vector_data.o
 .debug_line    0x00005d92     0x14aa ./ra/fsp/src/r_ioport/r_ioport.o
 .debug_line    0x0000723c     0x1e77 ./ra/fsp/src/r_iic_master/r_iic_master.o
 .debug_line    0x000090b3      0xeae ./ra/fsp/src/bsp/mcu/all/bsp_clocks.o
 .debug_line    0x00009f61      0x922 ./ra/fsp/src/bsp/mcu/all/bsp_common.o
 .debug_line    0x0000a883      0x96d ./ra/fsp/src/bsp/mcu/all/bsp_group_irq.o
 .debug_line    0x0000b1f0      0x899 ./ra/fsp/src/bsp/mcu/all/bsp_io.o
 .debug_line    0x0000ba89      0x904 ./ra/fsp/src/bsp/mcu/all/bsp_irq.o
 .debug_line    0x0000c38d      0x9eb ./ra/fsp/src/bsp/mcu/all/bsp_register_protection.o
 .debug_line    0x0000cd78      0x8a4 ./ra/fsp/src/bsp/mcu/all/bsp_rom_registers.o
 .debug_line    0x0000d61c      0x953 ./ra/fsp/src/bsp/mcu/all/bsp_sbrk.o
 .debug_line    0x0000df6f      0x908 ./ra/fsp/src/bsp/cmsis/Device/RENESAS/Source/startup.o
 .debug_line    0x0000e877      0x9dd ./ra/fsp/src/bsp/cmsis/Device/RENESAS/Source/system.o
 .debug_line    0x0000f254      0x8b0 ./ra/board/ra6m3_ek/board_init.o

.debug_str      0x00000000    0x8cbe6
 .debug_str     0x00000000     0x6f66 ./src/SEGGER_RTT/SEGGER_RTT.o
                               0x70de (size before relaxing)
 .debug_str     0x00006f66      0x185 ./src/SEGGER_RTT/SEGGER_RTT_printf.o
                               0x6aab (size before relaxing)
 .debug_str     0x000070eb    0x7d8b8 ./src/hal_entry.o
                              0x84331 (size before relaxing)
 .debug_str     0x000849a3      0x370 ./ra_gen/common_data.o
                              0x81fdc (size before relaxing)
 .debug_str     0x00084d13      0x298 ./ra_gen/hal_data.o
                              0x816cd (size before relaxing)
 .debug_str     0x00084fab       0x11 ./ra_gen/main.o
                              0x7f179 (size before relaxing)
 .debug_str     0x00084fbc      0x5d6 ./ra_gen/pin_data.o